Archive member included to satisfy reference by file (symbol)

/opt/gcc-arm-none-eabi-7-2017-q4-major/bin/../lib/gcc/arm-none-eabi/7.2.1/../../../../arm-none-eabi/lib/thumb/v7-m/libc_nano.a(lib_a-exit.o)
                              /opt/gcc-arm-none-eabi-7-2017-q4-major/bin/../lib/gcc/arm-none-eabi/7.2.1/../../../../arm-none-eabi/lib/thumb/v7-m/crt0.o (exit)
/opt/gcc-arm-none-eabi-7-2017-q4-major/bin/../lib/gcc/arm-none-eabi/7.2.1/../../../../arm-none-eabi/lib/thumb/v7-m/libc_nano.a(lib_a-impure.o)
                              /opt/gcc-arm-none-eabi-7-2017-q4-major/bin/../lib/gcc/arm-none-eabi/7.2.1/../../../../arm-none-eabi/lib/thumb/v7-m/libc_nano.a(lib_a-exit.o) (_global_impure_ptr)
/opt/gcc-arm-none-eabi-7-2017-q4-major/bin/../lib/gcc/arm-none-eabi/7.2.1/../../../../arm-none-eabi/lib/thumb/v7-m/libc_nano.a(lib_a-init.o)
                              /opt/gcc-arm-none-eabi-7-2017-q4-major/bin/../lib/gcc/arm-none-eabi/7.2.1/../../../../arm-none-eabi/lib/thumb/v7-m/crt0.o (__libc_init_array)
/opt/gcc-arm-none-eabi-7-2017-q4-major/bin/../lib/gcc/arm-none-eabi/7.2.1/../../../../arm-none-eabi/lib/thumb/v7-m/libc_nano.a(lib_a-memset.o)
                              /opt/gcc-arm-none-eabi-7-2017-q4-major/bin/../lib/gcc/arm-none-eabi/7.2.1/../../../../arm-none-eabi/lib/thumb/v7-m/crt0.o (memset)
/opt/gcc-arm-none-eabi-7-2017-q4-major/bin/../lib/gcc/arm-none-eabi/7.2.1/../../../../arm-none-eabi/lib/thumb/v7-m/libnosys.a(_exit.o)
                              /opt/gcc-arm-none-eabi-7-2017-q4-major/bin/../lib/gcc/arm-none-eabi/7.2.1/../../../../arm-none-eabi/lib/thumb/v7-m/libc_nano.a(lib_a-exit.o) (_exit)
/opt/gcc-arm-none-eabi-7-2017-q4-major/bin/../lib/gcc/arm-none-eabi/7.2.1/thumb/v7-m/libgcc.a(_aeabi_uldivmod.o)
                              /mnt/c/Users/Daniel/Documents/stm/build/obj_nucleo207/stm32f2xx_hal_rcc.o (__aeabi_uldivmod)
/opt/gcc-arm-none-eabi-7-2017-q4-major/bin/../lib/gcc/arm-none-eabi/7.2.1/thumb/v7-m/libgcc.a(_udivmoddi4.o)
                              /opt/gcc-arm-none-eabi-7-2017-q4-major/bin/../lib/gcc/arm-none-eabi/7.2.1/thumb/v7-m/libgcc.a(_aeabi_uldivmod.o) (__udivmoddi4)
/opt/gcc-arm-none-eabi-7-2017-q4-major/bin/../lib/gcc/arm-none-eabi/7.2.1/thumb/v7-m/libgcc.a(_dvmd_tls.o)
                              /opt/gcc-arm-none-eabi-7-2017-q4-major/bin/../lib/gcc/arm-none-eabi/7.2.1/thumb/v7-m/libgcc.a(_aeabi_uldivmod.o) (__aeabi_ldiv0)

Allocating common symbols
Common symbol       size              file

uwTick              0x4               /mnt/c/Users/Daniel/Documents/stm/build/obj_nucleo207/stm32f2xx_hal.o
pFlash              0x20              /mnt/c/Users/Daniel/Documents/stm/build/obj_nucleo207/stm32f2xx_hal_flash.o

Discarded input sections

 .text          0x0000000000000000        0x0 /opt/gcc-arm-none-eabi-7-2017-q4-major/bin/../lib/gcc/arm-none-eabi/7.2.1/thumb/v7-m/crti.o
 .data          0x0000000000000000        0x0 /opt/gcc-arm-none-eabi-7-2017-q4-major/bin/../lib/gcc/arm-none-eabi/7.2.1/thumb/v7-m/crti.o
 .bss           0x0000000000000000        0x0 /opt/gcc-arm-none-eabi-7-2017-q4-major/bin/../lib/gcc/arm-none-eabi/7.2.1/thumb/v7-m/crti.o
 .data          0x0000000000000000        0x4 /opt/gcc-arm-none-eabi-7-2017-q4-major/bin/../lib/gcc/arm-none-eabi/7.2.1/thumb/v7-m/crtbegin.o
 .text          0x0000000000000000       0x74 /opt/gcc-arm-none-eabi-7-2017-q4-major/bin/../lib/gcc/arm-none-eabi/7.2.1/../../../../arm-none-eabi/lib/thumb/v7-m/crt0.o
 .data          0x0000000000000000        0x0 /opt/gcc-arm-none-eabi-7-2017-q4-major/bin/../lib/gcc/arm-none-eabi/7.2.1/../../../../arm-none-eabi/lib/thumb/v7-m/crt0.o
 .bss           0x0000000000000000        0x0 /opt/gcc-arm-none-eabi-7-2017-q4-major/bin/../lib/gcc/arm-none-eabi/7.2.1/../../../../arm-none-eabi/lib/thumb/v7-m/crt0.o
 .ARM.extab     0x0000000000000000        0x0 /opt/gcc-arm-none-eabi-7-2017-q4-major/bin/../lib/gcc/arm-none-eabi/7.2.1/../../../../arm-none-eabi/lib/thumb/v7-m/crt0.o
 .ARM.exidx     0x0000000000000000        0x8 /opt/gcc-arm-none-eabi-7-2017-q4-major/bin/../lib/gcc/arm-none-eabi/7.2.1/../../../../arm-none-eabi/lib/thumb/v7-m/crt0.o
 .ARM.attributes
                0x0000000000000000       0x1b /opt/gcc-arm-none-eabi-7-2017-q4-major/bin/../lib/gcc/arm-none-eabi/7.2.1/../../../../arm-none-eabi/lib/thumb/v7-m/crt0.o
 .text          0x0000000000000000        0x0 /mnt/c/Users/Daniel/Documents/stm/build/obj_nucleo207/main.o
 .data          0x0000000000000000        0x0 /mnt/c/Users/Daniel/Documents/stm/build/obj_nucleo207/main.o
 .bss           0x0000000000000000        0x0 /mnt/c/Users/Daniel/Documents/stm/build/obj_nucleo207/main.o
 .text.Error_Handler
                0x0000000000000000        0x2 /mnt/c/Users/Daniel/Documents/stm/build/obj_nucleo207/main.o
 .text          0x0000000000000000        0x0 /mnt/c/Users/Daniel/Documents/stm/build/obj_nucleo207/stm32f2xx_it.o
 .data          0x0000000000000000        0x0 /mnt/c/Users/Daniel/Documents/stm/build/obj_nucleo207/stm32f2xx_it.o
[...]
Memory Configuration

Name             Origin             Length             Attributes
RAM              0x0000000020000000 0x0000000000020000 xrw
FLASH            0x0000000008000000 0x0000000000100000 xr
*default*        0x0000000000000000 0xffffffffffffffff

Linker script and memory map

LOAD /opt/gcc-arm-none-eabi-7-2017-q4-major/bin/../lib/gcc/arm-none-eabi/7.2.1/thumb/v7-m/crti.o
LOAD /opt/gcc-arm-none-eabi-7-2017-q4-major/bin/../lib/gcc/arm-none-eabi/7.2.1/thumb/v7-m/crtbegin.o
LOAD /opt/gcc-arm-none-eabi-7-2017-q4-major/bin/../lib/gcc/arm-none-eabi/7.2.1/../../../../arm-none-eabi/lib/thumb/v7-m/crt0.o
LOAD /mnt/c/Users/Daniel/Documents/stm/build/obj_nucleo207/main.o
LOAD /mnt/c/Users/Daniel/Documents/stm/build/obj_nucleo207/stm32f2xx_it.o
LOAD /mnt/c/Users/Daniel/Documents/stm/build/obj_nucleo207/stm32f2xx_hal_msp.o
LOAD /mnt/c/Users/Daniel/Documents/stm/build/obj_nucleo207/stm32f2xx_hal_tim.o
LOAD /mnt/c/Users/Daniel/Documents/stm/build/obj_nucleo207/stm32f2xx_hal_tim_ex.o
LOAD /mnt/c/Users/Daniel/Documents/stm/build/obj_nucleo207/stm32f2xx_hal.o
LOAD /mnt/c/Users/Daniel/Documents/stm/build/obj_nucleo207/stm32f2xx_hal_rcc.o
LOAD /mnt/c/Users/Daniel/Documents/stm/build/obj_nucleo207/stm32f2xx_hal_rcc_ex.o
LOAD /mnt/c/Users/Daniel/Documents/stm/build/obj_nucleo207/stm32f2xx_hal_cortex.o
LOAD /mnt/c/Users/Daniel/Documents/stm/build/obj_nucleo207/stm32f2xx_hal_flash.o
LOAD /mnt/c/Users/Daniel/Documents/stm/build/obj_nucleo207/stm32f2xx_hal_flash_ex.o
LOAD /mnt/c/Users/Daniel/Documents/stm/build/obj_nucleo207/stm32f2xx_hal_pwr.o
LOAD /mnt/c/Users/Daniel/Documents/stm/build/obj_nucleo207/stm32f2xx_hal_pwr_ex.o
LOAD /mnt/c/Users/Daniel/Documents/stm/build/obj_nucleo207/stm32f2xx_hal_gpio.o
LOAD /mnt/c/Users/Daniel/Documents/stm/build/obj_nucleo207/stm32f2xx_hal_dma.o
LOAD /mnt/c/Users/Daniel/Documents/stm/build/obj_nucleo207/stm32f2xx_hal_dma_ex.o
LOAD /mnt/c/Users/Daniel/Documents/stm/build/obj_nucleo207/stm32f2xx_hal_exti.o
LOAD /mnt/c/Users/Daniel/Documents/stm/build/obj_nucleo207/system_stm32f2xx.o
LOAD /mnt/c/Users/Daniel/Documents/stm/build/obj_nucleo207/startup_stm32f207xx.o
LOAD /opt/gcc-arm-none-eabi-7-2017-q4-major/bin/../lib/gcc/arm-none-eabi/7.2.1/../../../../arm-none-eabi/lib/thumb/v7-m/libc_nano.a
LOAD /opt/gcc-arm-none-eabi-7-2017-q4-major/bin/../lib/gcc/arm-none-eabi/7.2.1/../../../../arm-none-eabi/lib/thumb/v7-m/libm.a
LOAD /opt/gcc-arm-none-eabi-7-2017-q4-major/bin/../lib/gcc/arm-none-eabi/7.2.1/../../../../arm-none-eabi/lib/thumb/v7-m/libnosys.a
START GROUP
LOAD /opt/gcc-arm-none-eabi-7-2017-q4-major/bin/../lib/gcc/arm-none-eabi/7.2.1/thumb/v7-m/libgcc.a
LOAD /opt/gcc-arm-none-eabi-7-2017-q4-major/bin/../lib/gcc/arm-none-eabi/7.2.1/../../../../arm-none-eabi/lib/thumb/v7-m/libg_nano.a
LOAD /opt/gcc-arm-none-eabi-7-2017-q4-major/bin/../lib/gcc/arm-none-eabi/7.2.1/../../../../arm-none-eabi/lib/thumb/v7-m/libc_nano.a
END GROUP
START GROUP
LOAD /opt/gcc-arm-none-eabi-7-2017-q4-major/bin/../lib/gcc/arm-none-eabi/7.2.1/thumb/v7-m/libgcc.a
LOAD /opt/gcc-arm-none-eabi-7-2017-q4-major/bin/../lib/gcc/arm-none-eabi/7.2.1/../../../../arm-none-eabi/lib/thumb/v7-m/libc_nano.a
END GROUP
LOAD /opt/gcc-arm-none-eabi-7-2017-q4-major/bin/../lib/gcc/arm-none-eabi/7.2.1/thumb/v7-m/crtend.o
LOAD /opt/gcc-arm-none-eabi-7-2017-q4-major/bin/../lib/gcc/arm-none-eabi/7.2.1/thumb/v7-m/crtn.o
                0x0000000020020000                _estack = 0x20020000
                0x0000000000000200                _Min_Heap_Size = 0x200
                0x0000000000000400                _Min_Stack_Size = 0x400

.isr_vector     0x0000000008000000      0x184
                0x0000000008000000                . = ALIGN (0x4)
 *(.isr_vector)
 .isr_vector    0x0000000008000000      0x184 /mnt/c/Users/Daniel/Documents/stm/build/obj_nucleo207/startup_stm32f207xx.o
                0x0000000008000000                g_pfnVectors
                0x0000000008000184                . = ALIGN (0x4)

.text           0x0000000008000184      0xec8
                0x0000000008000184                . = ALIGN (0x4)
 *(.text)
 .text          0x0000000008000184       0x40 /opt/gcc-arm-none-eabi-7-2017-q4-major/bin/../lib/gcc/arm-none-eabi/7.2.1/thumb/v7-m/crtbegin.o
 .text          0x00000000080001c4       0x30 /opt/gcc-arm-none-eabi-7-2017-q4-major/bin/../lib/gcc/arm-none-eabi/7.2.1/thumb/v7-m/libgcc.a(_aeabi_uldivmod.o)
                0x00000000080001c4                __aeabi_uldivmod
 .text          0x00000000080001f4      0x2d0 /opt/gcc-arm-none-eabi-7-2017-q4-major/bin/../lib/gcc/arm-none-eabi/7.2.1/thumb/v7-m/libgcc.a(_udivmoddi4.o)
                0x00000000080001f4                __udivmoddi4
 .text          0x00000000080004c4        0x4 /opt/gcc-arm-none-eabi-7-2017-q4-major/bin/../lib/gcc/arm-none-eabi/7.2.1/thumb/v7-m/libgcc.a(_dvmd_tls.o)
                0x00000000080004c4                __aeabi_ldiv0
                0x00000000080004c4                __aeabi_idiv0
 *(.text*)
 .text.MX_GPIO_Init
                0x00000000080004c8       0x80 /mnt/c/Users/Daniel/Documents/stm/build/obj_nucleo207/main.o
 .text.SystemClock_Config
                0x0000000008000548       0x44 /mnt/c/Users/Daniel/Documents/stm/build/obj_nucleo207/main.o
                0x0000000008000548                SystemClock_Config
 .text.main     0x000000000800058c       0x3c /mnt/c/Users/Daniel/Documents/stm/build/obj_nucleo207/main.o
                0x000000000800058c                main
 .text.NMI_Handler
                0x00000000080005c8        0x2 /mnt/c/Users/Daniel/Documents/stm/build/obj_nucleo207/stm32f2xx_it.o
                0x00000000080005c8                NMI_Handler
 .text.HardFault_Handler
                0x00000000080005ca        0x2 /mnt/c/Users/Daniel/Documents/stm/build/obj_nucleo207/stm32f2xx_it.o
                0x00000000080005ca                HardFault_Handler
 .text.MemManage_Handler
                0x00000000080005cc        0x2 /mnt/c/Users/Daniel/Documents/stm/build/obj_nucleo207/stm32f2xx_it.o
                0x00000000080005cc                MemManage_Handler
 .text.BusFault_Handler
                0x00000000080005ce        0x2 /mnt/c/Users/Daniel/Documents/stm/build/obj_nucleo207/stm32f2xx_it.o
                0x00000000080005ce                BusFault_Handler
 .text.UsageFault_Handler
                0x00000000080005d0        0x2 /mnt/c/Users/Daniel/Documents/stm/build/obj_nucleo207/stm32f2xx_it.o
                0x00000000080005d0                UsageFault_Handler
 .text.SVC_Handler
                0x00000000080005d2        0x2 /mnt/c/Users/Daniel/Documents/stm/build/obj_nucleo207/stm32f2xx_it.o
                0x00000000080005d2                SVC_Handler
 .text.DebugMon_Handler
                0x00000000080005d4        0x2 /mnt/c/Users/Daniel/Documents/stm/build/obj_nucleo207/stm32f2xx_it.o
                0x00000000080005d4                DebugMon_Handler
 .text.PendSV_Handler
                0x00000000080005d6        0x2 /mnt/c/Users/Daniel/Documents/stm/build/obj_nucleo207/stm32f2xx_it.o
                0x00000000080005d6                PendSV_Handler
 .text.SysTick_Handler
                0x00000000080005d8        0x8 /mnt/c/Users/Daniel/Documents/stm/build/obj_nucleo207/stm32f2xx_it.o
                0x00000000080005d8                SysTick_Handler
 .text.HAL_MspInit
                0x00000000080005e0       0x38 /mnt/c/Users/Daniel/Documents/stm/build/obj_nucleo207/stm32f2xx_hal_msp.o
                0x00000000080005e0                HAL_MspInit
 .text.HAL_InitTick
                0x0000000008000618       0x4c /mnt/c/Users/Daniel/Documents/stm/build/obj_nucleo207/stm32f2xx_hal.o
                0x0000000008000618                HAL_InitTick
 .text.HAL_Init
                0x0000000008000664       0x34 /mnt/c/Users/Daniel/Documents/stm/build/obj_nucleo207/stm32f2xx_hal.o
                0x0000000008000664                HAL_Init
 .text.HAL_IncTick
                0x0000000008000698       0x18 /mnt/c/Users/Daniel/Documents/stm/build/obj_nucleo207/stm32f2xx_hal.o
                0x0000000008000698                HAL_IncTick
 .text.HAL_GetTick
                0x00000000080006b0        0xc /mnt/c/Users/Daniel/Documents/stm/build/obj_nucleo207/stm32f2xx_hal.o
                0x00000000080006b0                HAL_GetTick
 .text.HAL_RCC_OscConfig
                0x00000000080006bc      0x3cc /mnt/c/Users/Daniel/Documents/stm/build/obj_nucleo207/stm32f2xx_hal_rcc.o
                0x00000000080006bc                HAL_RCC_OscConfig
 .text.HAL_RCC_GetSysClockFreq
                0x0000000008000a88       0xa8 /mnt/c/Users/Daniel/Documents/stm/build/obj_nucleo207/stm32f2xx_hal_rcc.o
                0x0000000008000a88                HAL_RCC_GetSysClockFreq
 .text.HAL_RCC_ClockConfig
                0x0000000008000b30      0x168 /mnt/c/Users/Daniel/Documents/stm/build/obj_nucleo207/stm32f2xx_hal_rcc.o
                0x0000000008000b30                HAL_RCC_ClockConfig
 .text.HAL_NVIC_SetPriorityGrouping
                0x0000000008000c98       0x24 /mnt/c/Users/Daniel/Documents/stm/build/obj_nucleo207/stm32f2xx_hal_cortex.o
                0x0000000008000c98                HAL_NVIC_SetPriorityGrouping
 .text.HAL_NVIC_SetPriority
                0x0000000008000cbc       0x68 /mnt/c/Users/Daniel/Documents/stm/build/obj_nucleo207/stm32f2xx_hal_cortex.o
                0x0000000008000cbc                HAL_NVIC_SetPriority
 .text.HAL_SYSTICK_Config
                0x0000000008000d24       0x2c /mnt/c/Users/Daniel/Documents/stm/build/obj_nucleo207/stm32f2xx_hal_cortex.o
                0x0000000008000d24                HAL_SYSTICK_Config
 .text.HAL_GPIO_Init
                0x0000000008000d50      0x1cc /mnt/c/Users/Daniel/Documents/stm/build/obj_nucleo207/stm32f2xx_hal_gpio.o
                0x0000000008000d50                HAL_GPIO_Init
 .text.HAL_GPIO_ReadPin
                0x0000000008000f1c        0xe /mnt/c/Users/Daniel/Documents/stm/build/obj_nucleo207/stm32f2xx_hal_gpio.o
                0x0000000008000f1c                HAL_GPIO_ReadPin
 .text.HAL_GPIO_WritePin
                0x0000000008000f2a        0xc /mnt/c/Users/Daniel/Documents/stm/build/obj_nucleo207/stm32f2xx_hal_gpio.o
                0x0000000008000f2a                HAL_GPIO_WritePin
 .text.HAL_GPIO_TogglePin
                0x0000000008000f36       0x10 /mnt/c/Users/Daniel/Documents/stm/build/obj_nucleo207/stm32f2xx_hal_gpio.o
                0x0000000008000f36                HAL_GPIO_TogglePin
 *fill*         0x0000000008000f46        0x2 
 .text.SystemInit
                0x0000000008000f48       0x40 /mnt/c/Users/Daniel/Documents/stm/build/obj_nucleo207/system_stm32f2xx.o
                0x0000000008000f48                SystemInit
 .text.Reset_Handler
                0x0000000008000f88       0x50 /mnt/c/Users/Daniel/Documents/stm/build/obj_nucleo207/startup_stm32f207xx.o
                0x0000000008000f88                Reset_Handler
 .text.Default_Handler
                0x0000000008000fd8        0x2 /mnt/c/Users/Daniel/Documents/stm/build/obj_nucleo207/startup_stm32f207xx.o
                0x0000000008000fd8                RTC_Alarm_IRQHandler
                0x0000000008000fd8                HASH_RNG_IRQHandler
                0x0000000008000fd8                EXTI2_IRQHandler
                0x0000000008000fd8                TIM8_CC_IRQHandler
                0x0000000008000fd8                TIM1_CC_IRQHandler
                0x0000000008000fd8                DMA2_Stream5_IRQHandler
                0x0000000008000fd8                DMA1_Stream5_IRQHandler
                0x0000000008000fd8                PVD_IRQHandler
                0x0000000008000fd8                SDIO_IRQHandler
                0x0000000008000fd8                TAMP_STAMP_IRQHandler
                0x0000000008000fd8                CAN2_RX1_IRQHandler
                0x0000000008000fd8                EXTI3_IRQHandler
                0x0000000008000fd8                TIM8_TRG_COM_TIM14_IRQHandler
                0x0000000008000fd8                TIM1_UP_TIM10_IRQHandler
                0x0000000008000fd8                TIM8_UP_TIM13_IRQHandler
                0x0000000008000fd8                I2C3_ER_IRQHandler
                0x0000000008000fd8                EXTI0_IRQHandler
                0x0000000008000fd8                I2C2_EV_IRQHandler
                0x0000000008000fd8                DMA1_Stream2_IRQHandler
                0x0000000008000fd8                CAN1_RX0_IRQHandler
                0x0000000008000fd8                OTG_HS_WKUP_IRQHandler
                0x0000000008000fd8                CAN2_SCE_IRQHandler
                0x0000000008000fd8                DMA2_Stream2_IRQHandler
                0x0000000008000fd8                SPI1_IRQHandler
                0x0000000008000fd8                TIM6_DAC_IRQHandler
                0x0000000008000fd8                TIM1_BRK_TIM9_IRQHandler
                0x0000000008000fd8                DCMI_IRQHandler
                0x0000000008000fd8                CAN2_RX0_IRQHandler
                0x0000000008000fd8                DMA2_Stream3_IRQHandler
                0x0000000008000fd8                USART6_IRQHandler
                0x0000000008000fd8                USART3_IRQHandler
                0x0000000008000fd8                CAN1_RX1_IRQHandler
                0x0000000008000fd8                UART5_IRQHandler
                0x0000000008000fd8                DMA2_Stream0_IRQHandler
                0x0000000008000fd8                TIM4_IRQHandler
                0x0000000008000fd8                I2C1_EV_IRQHandler
                0x0000000008000fd8                DMA1_Stream6_IRQHandler
                0x0000000008000fd8                DMA1_Stream1_IRQHandler
                0x0000000008000fd8                UART4_IRQHandler
                0x0000000008000fd8                TIM3_IRQHandler
                0x0000000008000fd8                RCC_IRQHandler
                0x0000000008000fd8                TIM8_BRK_TIM12_IRQHandler
                0x0000000008000fd8                Default_Handler
                0x0000000008000fd8                EXTI15_10_IRQHandler
                0x0000000008000fd8                ADC_IRQHandler
                0x0000000008000fd8                DMA1_Stream7_IRQHandler
                0x0000000008000fd8                TIM7_IRQHandler
                0x0000000008000fd8                CAN2_TX_IRQHandler
                0x0000000008000fd8                TIM5_IRQHandler
                0x0000000008000fd8                DMA2_Stream7_IRQHandler
                0x0000000008000fd8                I2C3_EV_IRQHandler
                0x0000000008000fd8                EXTI9_5_IRQHandler
                0x0000000008000fd8                RTC_WKUP_IRQHandler
                0x0000000008000fd8                ETH_WKUP_IRQHandler
                0x0000000008000fd8                SPI2_IRQHandler
                0x0000000008000fd8                OTG_HS_EP1_IN_IRQHandler
                0x0000000008000fd8                DMA1_Stream0_IRQHandler
                0x0000000008000fd8                CAN1_TX_IRQHandler
                0x0000000008000fd8                EXTI4_IRQHandler
                0x0000000008000fd8                FSMC_IRQHandler
                0x0000000008000fd8                ETH_IRQHandler
                0x0000000008000fd8                OTG_HS_EP1_OUT_IRQHandler
                0x0000000008000fd8                WWDG_IRQHandler
                0x0000000008000fd8                TIM2_IRQHandler
                0x0000000008000fd8                OTG_FS_WKUP_IRQHandler
                0x0000000008000fd8                TIM1_TRG_COM_TIM11_IRQHandler
                0x0000000008000fd8                OTG_HS_IRQHandler
                0x0000000008000fd8                EXTI1_IRQHandler
                0x0000000008000fd8                USART2_IRQHandler
                0x0000000008000fd8                I2C2_ER_IRQHandler
                0x0000000008000fd8                DMA2_Stream1_IRQHandler
                0x0000000008000fd8                CAN1_SCE_IRQHandler
                0x0000000008000fd8                FLASH_IRQHandler
                0x0000000008000fd8                DMA2_Stream4_IRQHandler
                0x0000000008000fd8                USART1_IRQHandler
                0x0000000008000fd8                OTG_FS_IRQHandler
                0x0000000008000fd8                SPI3_IRQHandler
                0x0000000008000fd8                DMA1_Stream4_IRQHandler
                0x0000000008000fd8                I2C1_ER_IRQHandler
                0x0000000008000fd8                DMA2_Stream6_IRQHandler
                0x0000000008000fd8                DMA1_Stream3_IRQHandler
 *fill*         0x0000000008000fda        0x2 
 .text.__libc_init_array
                0x0000000008000fdc       0x48 /opt/gcc-arm-none-eabi-7-2017-q4-major/bin/../lib/gcc/arm-none-eabi/7.2.1/../../../../arm-none-eabi/lib/thumb/v7-m/libc_nano.a(lib_a-init.o)
                0x0000000008000fdc                __libc_init_array
 .text.memset   0x0000000008001024       0x10 /opt/gcc-arm-none-eabi-7-2017-q4-major/bin/../lib/gcc/arm-none-eabi/7.2.1/../../../../arm-none-eabi/lib/thumb/v7-m/libc_nano.a(lib_a-memset.o)
                0x0000000008001024                memset
 *(.glue_7)
 .glue_7        0x0000000008001034        0x0 linker stubs
 *(.glue_7t)
 .glue_7t       0x0000000008001034        0x0 linker stubs
 *(.eh_frame)
 .eh_frame      0x0000000008001034        0x0 /opt/gcc-arm-none-eabi-7-2017-q4-major/bin/../lib/gcc/arm-none-eabi/7.2.1/thumb/v7-m/crtbegin.o
 *(.init)
 .init          0x0000000008001034        0x4 /opt/gcc-arm-none-eabi-7-2017-q4-major/bin/../lib/gcc/arm-none-eabi/7.2.1/thumb/v7-m/crti.o
                0x0000000008001034                _init
 .init          0x0000000008001038        0x8 /opt/gcc-arm-none-eabi-7-2017-q4-major/bin/../lib/gcc/arm-none-eabi/7.2.1/thumb/v7-m/crtn.o
 *(.fini)
 .fini          0x0000000008001040        0x4 /opt/gcc-arm-none-eabi-7-2017-q4-major/bin/../lib/gcc/arm-none-eabi/7.2.1/thumb/v7-m/crti.o
                0x0000000008001040                _fini
 .fini          0x0000000008001044        0x8 /opt/gcc-arm-none-eabi-7-2017-q4-major/bin/../lib/gcc/arm-none-eabi/7.2.1/thumb/v7-m/crtn.o
                0x000000000800104c                . = ALIGN (0x4)
                0x000000000800104c                _etext = .

.vfp11_veneer   0x000000000800104c        0x0
 .vfp11_veneer  0x000000000800104c        0x0 linker stubs

.v4_bx          0x000000000800104c        0x0
 .v4_bx         0x000000000800104c        0x0 linker stubs

.iplt           0x000000000800104c        0x0
 .iplt          0x000000000800104c        0x0 /opt/gcc-arm-none-eabi-7-2017-q4-major/bin/../lib/gcc/arm-none-eabi/7.2.1/thumb/v7-m/crtbegin.o

.rodata         0x000000000800104c       0x10
                0x000000000800104c                . = ALIGN (0x4)
 *(.rodata)
 *(.rodata*)
 .rodata.AHBPrescTable
                0x000000000800104c       0x10 /mnt/c/Users/Daniel/Documents/stm/build/obj_nucleo207/system_stm32f2xx.o
                0x000000000800104c                AHBPrescTable
                0x000000000800105c                . = ALIGN (0x4)

.ARM.extab
 *(.ARM.extab* .gnu.linkonce.armextab.*)

.ARM            0x000000000800105c        0x8
                0x000000000800105c                __exidx_start = .
 *(.ARM.exidx*)
 .ARM.exidx     0x000000000800105c        0x8 /opt/gcc-arm-none-eabi-7-2017-q4-major/bin/../lib/gcc/arm-none-eabi/7.2.1/thumb/v7-m/libgcc.a(_udivmoddi4.o)
                0x0000000008001064                __exidx_end = .

.rel.dyn        0x0000000008001064        0x0
 .rel.iplt      0x0000000008001064        0x0 /opt/gcc-arm-none-eabi-7-2017-q4-major/bin/../lib/gcc/arm-none-eabi/7.2.1/thumb/v7-m/crtbegin.o

.preinit_array  0x0000000008001064        0x0
                0x0000000008001064                PROVIDE (__preinit_array_start, .)
 *(.preinit_array*)
                0x0000000008001064                PROVIDE (__preinit_array_end, .)

.init_array     0x0000000008001064        0x4
                0x0000000008001064                PROVIDE (__init_array_start, .)
 *(SORT_BY_NAME(.init_array.*))
 *(.init_array*)
 .init_array    0x0000000008001064        0x4 /opt/gcc-arm-none-eabi-7-2017-q4-major/bin/../lib/gcc/arm-none-eabi/7.2.1/thumb/v7-m/crtbegin.o
                0x0000000008001068                PROVIDE (__init_array_end, .)

.fini_array     0x0000000008001068        0x4
                [!provide]                        PROVIDE (__fini_array_start, .)
 *(SORT_BY_NAME(.fini_array.*))
 *(.fini_array*)
 .fini_array    0x0000000008001068        0x4 /opt/gcc-arm-none-eabi-7-2017-q4-major/bin/../lib/gcc/arm-none-eabi/7.2.1/thumb/v7-m/crtbegin.o
                [!provide]                        PROVIDE (__fini_array_end, .)
                0x000000000800106c                _sidata = LOADADDR (.data)

.data           0x0000000020000000        0xc load address 0x000000000800106c
                0x0000000020000000                . = ALIGN (0x4)
                0x0000000020000000                _sdata = .
 *(.data)
 *(.data*)
 .data.uwTickFreq
                0x0000000020000000        0x1 /mnt/c/Users/Daniel/Documents/stm/build/obj_nucleo207/stm32f2xx_hal.o
                0x0000000020000000                uwTickFreq
 *fill*         0x0000000020000001        0x3 
 .data.uwTickPrio
                0x0000000020000004        0x4 /mnt/c/Users/Daniel/Documents/stm/build/obj_nucleo207/stm32f2xx_hal.o
                0x0000000020000004                uwTickPrio
 .data.SystemCoreClock
                0x0000000020000008        0x4 /mnt/c/Users/Daniel/Documents/stm/build/obj_nucleo207/system_stm32f2xx.o
                0x0000000020000008                SystemCoreClock
                0x000000002000000c                . = ALIGN (0x4)
                0x000000002000000c                _edata = .

.igot.plt       0x000000002000000c        0x0 load address 0x0000000008001078
 .igot.plt      0x000000002000000c        0x0 /opt/gcc-arm-none-eabi-7-2017-q4-major/bin/../lib/gcc/arm-none-eabi/7.2.1/thumb/v7-m/crtbegin.o
                0x000000002000000c                . = ALIGN (0x4)

.bss            0x000000002000000c       0x20 load address 0x0000000008001078
                0x000000002000000c                _sbss = .
                0x000000002000000c                __bss_start__ = _sbss
 *(.bss)
 .bss           0x000000002000000c       0x1c /opt/gcc-arm-none-eabi-7-2017-q4-major/bin/../lib/gcc/arm-none-eabi/7.2.1/thumb/v7-m/crtbegin.o
 *(.bss*)
 *(COMMON)
 COMMON         0x0000000020000028        0x4 /mnt/c/Users/Daniel/Documents/stm/build/obj_nucleo207/stm32f2xx_hal.o
                0x0000000020000028                uwTick
                0x000000002000002c                . = ALIGN (0x4)
                0x000000002000002c                _ebss = .
                0x000000002000002c                __bss_end__ = _ebss

._user_heap_stack
                0x000000002000002c      0x604 load address 0x0000000008001078
                0x0000000020000030                . = ALIGN (0x8)
 *fill*         0x000000002000002c        0x4 
                [!provide]                        PROVIDE (end, .)
                [!provide]                        PROVIDE (_end, .)
                0x0000000020000230                . = (. + _Min_Heap_Size)
 *fill*         0x0000000020000030      0x200 
                0x0000000020000630                . = (. + _Min_Stack_Size)
 *fill*         0x0000000020000230      0x400 
                0x0000000020000630                . = ALIGN (0x8)

/DISCARD/
 libc.a(*)
 libm.a(*)
 libgcc.a(*)

.ARM.attributes
                0x0000000000000000       0x29
 *(.ARM.attributes)
 .ARM.attributes
                0x0000000000000000       0x1d /opt/gcc-arm-none-eabi-7-2017-q4-major/bin/../lib/gcc/arm-none-eabi/7.2.1/thumb/v7-m/crti.o
 .ARM.attributes
                0x000000000000001d       0x2d /opt/gcc-arm-none-eabi-7-2017-q4-major/bin/../lib/gcc/arm-none-eabi/7.2.1/thumb/v7-m/crtbegin.o
 .ARM.attributes
                0x000000000000004a       0x33 /mnt/c/Users/Daniel/Documents/stm/build/obj_nucleo207/main.o
 .ARM.attributes
                0x000000000000007d       0x33 /mnt/c/Users/Daniel/Documents/stm/build/obj_nucleo207/stm32f2xx_it.o
 .ARM.attributes
                0x00000000000000b0       0x33 /mnt/c/Users/Daniel/Documents/stm/build/obj_nucleo207/stm32f2xx_hal_msp.o
 .ARM.attributes
                0x00000000000000e3       0x33 /mnt/c/Users/Daniel/Documents/stm/build/obj_nucleo207/stm32f2xx_hal.o
 .ARM.attributes
                0x0000000000000116       0x33 /mnt/c/Users/Daniel/Documents/stm/build/obj_nucleo207/stm32f2xx_hal_rcc.o
 .ARM.attributes
                0x0000000000000149       0x33 /mnt/c/Users/Daniel/Documents/stm/build/obj_nucleo207/stm32f2xx_hal_cortex.o
 .ARM.attributes
                0x000000000000017c       0x33 /mnt/c/Users/Daniel/Documents/stm/build/obj_nucleo207/stm32f2xx_hal_gpio.o
 .ARM.attributes
                0x00000000000001af       0x33 /mnt/c/Users/Daniel/Documents/stm/build/obj_nucleo207/system_stm32f2xx.o
 .ARM.attributes
                0x00000000000001e2       0x21 /mnt/c/Users/Daniel/Documents/stm/build/obj_nucleo207/startup_stm32f207xx.o
 .ARM.attributes
                0x0000000000000203       0x2d /opt/gcc-arm-none-eabi-7-2017-q4-major/bin/../lib/gcc/arm-none-eabi/7.2.1/../../../../arm-none-eabi/lib/thumb/v7-m/libc_nano.a(lib_a-init.o)
 .ARM.attributes
                0x0000000000000230       0x2d /opt/gcc-arm-none-eabi-7-2017-q4-major/bin/../lib/gcc/arm-none-eabi/7.2.1/../../../../arm-none-eabi/lib/thumb/v7-m/libc_nano.a(lib_a-memset.o)
 .ARM.attributes
                0x000000000000025d       0x1d /opt/gcc-arm-none-eabi-7-2017-q4-major/bin/../lib/gcc/arm-none-eabi/7.2.1/thumb/v7-m/libgcc.a(_aeabi_uldivmod.o)
 .ARM.attributes
                0x000000000000027a       0x2d /opt/gcc-arm-none-eabi-7-2017-q4-major/bin/../lib/gcc/arm-none-eabi/7.2.1/thumb/v7-m/libgcc.a(_udivmoddi4.o)
 .ARM.attributes
                0x00000000000002a7       0x1d /opt/gcc-arm-none-eabi-7-2017-q4-major/bin/../lib/gcc/arm-none-eabi/7.2.1/thumb/v7-m/libgcc.a(_dvmd_tls.o)
 .ARM.attributes
                0x00000000000002c4       0x1d /opt/gcc-arm-none-eabi-7-2017-q4-major/bin/../lib/gcc/arm-none-eabi/7.2.1/thumb/v7-m/crtn.o
OUTPUT(/mnt/c/Users/Daniel/Documents/stm/build/obj_nucleo207/nucleo207.elf elf32-littlearm)

.debug_info     0x0000000000000000     0x465f
 .debug_info    0x0000000000000000      0x84e /mnt/c/Users/Daniel/Documents/stm/build/obj_nucleo207/main.o
 .debug_info    0x000000000000084e      0x258 /mnt/c/Users/Daniel/Documents/stm/build/obj_nucleo207/stm32f2xx_it.o
 .debug_info    0x0000000000000aa6      0x3b3 /mnt/c/Users/Daniel/Documents/stm/build/obj_nucleo207/stm32f2xx_hal_msp.o
 .debug_info    0x0000000000000e59      0xb3a /mnt/c/Users/Daniel/Documents/stm/build/obj_nucleo207/stm32f2xx_hal.o
 .debug_info    0x0000000000001993      0xe35 /mnt/c/Users/Daniel/Documents/stm/build/obj_nucleo207/stm32f2xx_hal_rcc.o
 .debug_info    0x00000000000027c8     0x1072 /mnt/c/Users/Daniel/Documents/stm/build/obj_nucleo207/stm32f2xx_hal_cortex.o
 .debug_info    0x000000000000383a      0x82b /mnt/c/Users/Daniel/Documents/stm/build/obj_nucleo207/stm32f2xx_hal_gpio.o
 .debug_info    0x0000000000004065      0x5d8 /mnt/c/Users/Daniel/Documents/stm/build/obj_nucleo207/system_stm32f2xx.o
 .debug_info    0x000000000000463d       0x22 /mnt/c/Users/Daniel/Documents/stm/build/obj_nucleo207/startup_stm32f207xx.o

.debug_abbrev   0x0000000000000000      0xf7e
 .debug_abbrev  0x0000000000000000      0x1e0 /mnt/c/Users/Daniel/Documents/stm/build/obj_nucleo207/main.o
 .debug_abbrev  0x00000000000001e0       0xe4 /mnt/c/Users/Daniel/Documents/stm/build/obj_nucleo207/stm32f2xx_it.o
 .debug_abbrev  0x00000000000002c4      0x108 /mnt/c/Users/Daniel/Documents/stm/build/obj_nucleo207/stm32f2xx_hal_msp.o
 .debug_abbrev  0x00000000000003cc      0x25c /mnt/c/Users/Daniel/Documents/stm/build/obj_nucleo207/stm32f2xx_hal.o
 .debug_abbrev  0x0000000000000628      0x2ca /mnt/c/Users/Daniel/Documents/stm/build/obj_nucleo207/stm32f2xx_hal_rcc.o
 .debug_abbrev  0x00000000000008f2      0x33d /mnt/c/Users/Daniel/Documents/stm/build/obj_nucleo207/stm32f2xx_hal_cortex.o
 .debug_abbrev  0x0000000000000c2f      0x213 /mnt/c/Users/Daniel/Documents/stm/build/obj_nucleo207/stm32f2xx_hal_gpio.o
 .debug_abbrev  0x0000000000000e42      0x12a /mnt/c/Users/Daniel/Documents/stm/build/obj_nucleo207/system_stm32f2xx.o
 .debug_abbrev  0x0000000000000f6c       0x12 /mnt/c/Users/Daniel/Documents/stm/build/obj_nucleo207/startup_stm32f207xx.o

.debug_loc      0x0000000000000000     0x15ab
 .debug_loc     0x0000000000000000       0x91 /mnt/c/Users/Daniel/Documents/stm/build/obj_nucleo207/main.o
 .debug_loc     0x0000000000000091       0x20 /mnt/c/Users/Daniel/Documents/stm/build/obj_nucleo207/stm32f2xx_it.o
 .debug_loc     0x00000000000000b1       0x2c /mnt/c/Users/Daniel/Documents/stm/build/obj_nucleo207/stm32f2xx_hal_msp.o
 .debug_loc     0x00000000000000dd      0x1ef /mnt/c/Users/Daniel/Documents/stm/build/obj_nucleo207/stm32f2xx_hal.o
 .debug_loc     0x00000000000002cc      0x70d /mnt/c/Users/Daniel/Documents/stm/build/obj_nucleo207/stm32f2xx_hal_rcc.o
 .debug_loc     0x00000000000009d9      0x65e /mnt/c/Users/Daniel/Documents/stm/build/obj_nucleo207/stm32f2xx_hal_cortex.o
 .debug_loc     0x0000000000001037      0x436 /mnt/c/Users/Daniel/Documents/stm/build/obj_nucleo207/stm32f2xx_hal_gpio.o
 .debug_loc     0x000000000000146d      0x13e /mnt/c/Users/Daniel/Documents/stm/build/obj_nucleo207/system_stm32f2xx.o

.debug_aranges  0x0000000000000000      0x380
 .debug_aranges
                0x0000000000000000       0x38 /mnt/c/Users/Daniel/Documents/stm/build/obj_nucleo207/main.o
 .debug_aranges
                0x0000000000000038       0x60 /mnt/c/Users/Daniel/Documents/stm/build/obj_nucleo207/stm32f2xx_it.o
 .debug_aranges
                0x0000000000000098       0x20 /mnt/c/Users/Daniel/Documents/stm/build/obj_nucleo207/stm32f2xx_hal_msp.o
 .debug_aranges
                0x00000000000000b8       0xf0 /mnt/c/Users/Daniel/Documents/stm/build/obj_nucleo207/stm32f2xx_hal.o
 .debug_aranges
                0x00000000000001a8       0x88 /mnt/c/Users/Daniel/Documents/stm/build/obj_nucleo207/stm32f2xx_hal_rcc.o
 .debug_aranges
                0x0000000000000230       0xa8 /mnt/c/Users/Daniel/Documents/stm/build/obj_nucleo207/stm32f2xx_hal_cortex.o
 .debug_aranges
                0x00000000000002d8       0x58 /mnt/c/Users/Daniel/Documents/stm/build/obj_nucleo207/stm32f2xx_hal_gpio.o
 .debug_aranges
                0x0000000000000330       0x28 /mnt/c/Users/Daniel/Documents/stm/build/obj_nucleo207/system_stm32f2xx.o
 .debug_aranges
                0x0000000000000358       0x28 /mnt/c/Users/Daniel/Documents/stm/build/obj_nucleo207/startup_stm32f207xx.o

.debug_ranges   0x0000000000000000      0x370
 .debug_ranges  0x0000000000000000       0x28 /mnt/c/Users/Daniel/Documents/stm/build/obj_nucleo207/main.o
 .debug_ranges  0x0000000000000028       0x50 /mnt/c/Users/Daniel/Documents/stm/build/obj_nucleo207/stm32f2xx_it.o
 .debug_ranges  0x0000000000000078       0x10 /mnt/c/Users/Daniel/Documents/stm/build/obj_nucleo207/stm32f2xx_hal_msp.o
 .debug_ranges  0x0000000000000088       0xe0 /mnt/c/Users/Daniel/Documents/stm/build/obj_nucleo207/stm32f2xx_hal.o
 .debug_ranges  0x0000000000000168       0x90 /mnt/c/Users/Daniel/Documents/stm/build/obj_nucleo207/stm32f2xx_hal_rcc.o
 .debug_ranges  0x00000000000001f8       0xf8 /mnt/c/Users/Daniel/Documents/stm/build/obj_nucleo207/stm32f2xx_hal_cortex.o
 .debug_ranges  0x00000000000002f0       0x48 /mnt/c/Users/Daniel/Documents/stm/build/obj_nucleo207/stm32f2xx_hal_gpio.o
 .debug_ranges  0x0000000000000338       0x18 /mnt/c/Users/Daniel/Documents/stm/build/obj_nucleo207/system_stm32f2xx.o
 .debug_ranges  0x0000000000000350       0x20 /mnt/c/Users/Daniel/Documents/stm/build/obj_nucleo207/startup_stm32f207xx.o

.debug_line     0x0000000000000000     0x2027
 .debug_line    0x0000000000000000      0x311 /mnt/c/Users/Daniel/Documents/stm/build/obj_nucleo207/main.o
 .debug_line    0x0000000000000311      0x2e4 /mnt/c/Users/Daniel/Documents/stm/build/obj_nucleo207/stm32f2xx_it.o
 .debug_line    0x00000000000005f5      0x277 /mnt/c/Users/Daniel/Documents/stm/build/obj_nucleo207/stm32f2xx_hal_msp.o
 .debug_line    0x000000000000086c      0x4eb /mnt/c/Users/Daniel/Documents/stm/build/obj_nucleo207/stm32f2xx_hal.o
 .debug_line    0x0000000000000d57      0x5ff /mnt/c/Users/Daniel/Documents/stm/build/obj_nucleo207/stm32f2xx_hal_rcc.o
 .debug_line    0x0000000000001356      0x50e /mnt/c/Users/Daniel/Documents/stm/build/obj_nucleo207/stm32f2xx_hal_cortex.o
 .debug_line    0x0000000000001864      0x43b /mnt/c/Users/Daniel/Documents/stm/build/obj_nucleo207/stm32f2xx_hal_gpio.o
 .debug_line    0x0000000000001c9f      0x2a7 /mnt/c/Users/Daniel/Documents/stm/build/obj_nucleo207/system_stm32f2xx.o
 .debug_line    0x0000000000001f46       0xe1 /mnt/c/Users/Daniel/Documents/stm/build/obj_nucleo207/startup_stm32f207xx.o

.debug_str      0x0000000000000000     0x1825
 .debug_str     0x0000000000000000      0x5ad /mnt/c/Users/Daniel/Documents/stm/build/obj_nucleo207/main.o
                                        0x614 (size before relaxing)
 .debug_str     0x00000000000005ad       0xe6 /mnt/c/Users/Daniel/Documents/stm/build/obj_nucleo207/stm32f2xx_it.o
                                        0x326 (size before relaxing)
 .debug_str     0x0000000000000693       0x5b /mnt/c/Users/Daniel/Documents/stm/build/obj_nucleo207/stm32f2xx_hal_msp.o
                                        0x39e (size before relaxing)
 .debug_str     0x00000000000006ee      0x817 /mnt/c/Users/Daniel/Documents/stm/build/obj_nucleo207/stm32f2xx_hal.o
                                        0xbb7 (size before relaxing)
 .debug_str     0x0000000000000f05      0x1e1 /mnt/c/Users/Daniel/Documents/stm/build/obj_nucleo207/stm32f2xx_hal_rcc.o
                                        0x79e (size before relaxing)
 .debug_str     0x00000000000010e6      0x4ed /mnt/c/Users/Daniel/Documents/stm/build/obj_nucleo207/stm32f2xx_hal_cortex.o
                                        0xcf6 (size before relaxing)
 .debug_str     0x00000000000015d3      0x146 /mnt/c/Users/Daniel/Documents/stm/build/obj_nucleo207/stm32f2xx_hal_gpio.o
                                        0x5a5 (size before relaxing)
 .debug_str     0x0000000000001719       0x79 /mnt/c/Users/Daniel/Documents/stm/build/obj_nucleo207/system_stm32f2xx.o
                                        0x41a (size before relaxing)
 .debug_str     0x0000000000001792       0x93 /mnt/c/Users/Daniel/Documents/stm/build/obj_nucleo207/startup_stm32f207xx.o
                                         0xbb (size before relaxing)

.comment        0x0000000000000000       0x7e
 .comment       0x0000000000000000       0x7e /mnt/c/Users/Daniel/Documents/stm/build/obj_nucleo207/main.o
                                         0x7f (size before relaxing)
 .comment       0x000000000000007e       0x7f /mnt/c/Users/Daniel/Documents/stm/build/obj_nucleo207/stm32f2xx_it.o
 .comment       0x000000000000007e       0x7f /mnt/c/Users/Daniel/Documents/stm/build/obj_nucleo207/stm32f2xx_hal_msp.o
 .comment       0x000000000000007e       0x7f /mnt/c/Users/Daniel/Documents/stm/build/obj_nucleo207/stm32f2xx_hal.o
 .comment       0x000000000000007e       0x7f /mnt/c/Users/Daniel/Documents/stm/build/obj_nucleo207/stm32f2xx_hal_rcc.o
 .comment       0x000000000000007e       0x7f /mnt/c/Users/Daniel/Documents/stm/build/obj_nucleo207/stm32f2xx_hal_cortex.o
 .comment       0x000000000000007e       0x7f /mnt/c/Users/Daniel/Documents/stm/build/obj_nucleo207/stm32f2xx_hal_gpio.o
 .comment       0x000000000000007e       0x7f /mnt/c/Users/Daniel/Documents/stm/build/obj_nucleo207/system_stm32f2xx.o

.debug_frame    0x0000000000000000      0x864
 .debug_frame   0x0000000000000000       0x80 /mnt/c/Users/Daniel/Documents/stm/build/obj_nucleo207/main.o
 .debug_frame   0x0000000000000080       0xac /mnt/c/Users/Daniel/Documents/stm/build/obj_nucleo207/stm32f2xx_it.o
 .debug_frame   0x000000000000012c       0x28 /mnt/c/Users/Daniel/Documents/stm/build/obj_nucleo207/stm32f2xx_hal_msp.o
 .debug_frame   0x0000000000000154      0x208 /mnt/c/Users/Daniel/Documents/stm/build/obj_nucleo207/stm32f2xx_hal.o
 .debug_frame   0x000000000000035c      0x1d4 /mnt/c/Users/Daniel/Documents/stm/build/obj_nucleo207/stm32f2xx_hal_rcc.o
 .debug_frame   0x0000000000000530      0x16c /mnt/c/Users/Daniel/Documents/stm/build/obj_nucleo207/stm32f2xx_hal_cortex.o
 .debug_frame   0x000000000000069c       0xec /mnt/c/Users/Daniel/Documents/stm/build/obj_nucleo207/stm32f2xx_hal_gpio.o
 .debug_frame   0x0000000000000788       0x30 /mnt/c/Users/Daniel/Documents/stm/build/obj_nucleo207/system_stm32f2xx.o
 .debug_frame   0x00000000000007b8       0x2c /opt/gcc-arm-none-eabi-7-2017-q4-major/bin/../lib/gcc/arm-none-eabi/7.2.1/../../../../arm-none-eabi/lib/thumb/v7-m/libc_nano.a(lib_a-init.o)
 .debug_frame   0x00000000000007e4       0x20 /opt/gcc-arm-none-eabi-7-2017-q4-major/bin/../lib/gcc/arm-none-eabi/7.2.1/../../../../arm-none-eabi/lib/thumb/v7-m/libc_nano.a(lib_a-memset.o)
 .debug_frame   0x0000000000000804       0x2c /opt/gcc-arm-none-eabi-7-2017-q4-major/bin/../lib/gcc/arm-none-eabi/7.2.1/thumb/v7-m/libgcc.a(_aeabi_uldivmod.o)
 .debug_frame   0x0000000000000830       0x34 /opt/gcc-arm-none-eabi-7-2017-q4-major/bin/../lib/gcc/arm-none-eabi/7.2.1/thumb/v7-m/libgcc.a(_udivmoddi4.o)

Cross Reference Table

Symbol                                            File
ADC_IRQHandler                                    /mnt/c/Users/Daniel/Documents/stm/build/obj_nucleo207/startup_stm32f207xx.o
AHBPrescTable                                     /mnt/c/Users/Daniel/Documents/stm/build/obj_nucleo207/system_stm32f2xx.o
                                                  /mnt/c/Users/Daniel/Documents/stm/build/obj_nucleo207/stm32f2xx_hal_rcc.o
APBPrescTable                                     /mnt/c/Users/Daniel/Documents/stm/build/obj_nucleo207/system_stm32f2xx.o
                                                  /mnt/c/Users/Daniel/Documents/stm/build/obj_nucleo207/stm32f2xx_hal_rcc.o
BusFault_Handler                                  /mnt/c/Users/Daniel/Documents/stm/build/obj_nucleo207/stm32f2xx_it.o
CAN1_RX0_IRQHandler                               /mnt/c/Users/Daniel/Documents/stm/build/obj_nucleo207/startup_stm32f207xx.o
CAN1_RX1_IRQHandler                               /mnt/c/Users/Daniel/Documents/stm/build/obj_nucleo207/startup_stm32f207xx.o
CAN1_SCE_IRQHandler                               /mnt/c/Users/Daniel/Documents/stm/build/obj_nucleo207/startup_stm32f207xx.o
CAN1_TX_IRQHandler                                /mnt/c/Users/Daniel/Documents/stm/build/obj_nucleo207/startup_stm32f207xx.o
CAN2_RX0_IRQHandler                               /mnt/c/Users/Daniel/Documents/stm/build/obj_nucleo207/startup_stm32f207xx.o
CAN2_RX1_IRQHandler                               /mnt/c/Users/Daniel/Documents/stm/build/obj_nucleo207/startup_stm32f207xx.o
CAN2_SCE_IRQHandler                               /mnt/c/Users/Daniel/Documents/stm/build/obj_nucleo207/startup_stm32f207xx.o
CAN2_TX_IRQHandler                                /mnt/c/Users/Daniel/Documents/stm/build/obj_nucleo207/startup_stm32f207xx.o
DCMI_IRQHandler                                   /mnt/c/Users/Daniel/Documents/stm/build/obj_nucleo207/startup_stm32f207xx.o
DMA1_Stream0_IRQHandler                           /mnt/c/Users/Daniel/Documents/stm/build/obj_nucleo207/startup_stm32f207xx.o
DMA1_Stream1_IRQHandler                           /mnt/c/Users/Daniel/Documents/stm/build/obj_nucleo207/startup_stm32f207xx.o
DMA1_Stream2_IRQHandler                           /mnt/c/Users/Daniel/Documents/stm/build/obj_nucleo207/startup_stm32f207xx.o
DMA1_Stream3_IRQHandler                           /mnt/c/Users/Daniel/Documents/stm/build/obj_nucleo207/startup_stm32f207xx.o
DMA1_Stream4_IRQHandler                           /mnt/c/Users/Daniel/Documents/stm/build/obj_nucleo207/startup_stm32f207xx.o
DMA1_Stream5_IRQHandler                           /mnt/c/Users/Daniel/Documents/stm/build/obj_nucleo207/startup_stm32f207xx.o
DMA1_Stream6_IRQHandler                           /mnt/c/Users/Daniel/Documents/stm/build/obj_nucleo207/startup_stm32f207xx.o
DMA1_Stream7_IRQHandler                           /mnt/c/Users/Daniel/Documents/stm/build/obj_nucleo207/startup_stm32f207xx.o
DMA2_Stream0_IRQHandler                           /mnt/c/Users/Daniel/Documents/stm/build/obj_nucleo207/startup_stm32f207xx.o
DMA2_Stream1_IRQHandler                           /mnt/c/Users/Daniel/Documents/stm/build/obj_nucleo207/startup_stm32f207xx.o
DMA2_Stream2_IRQHandler                           /mnt/c/Users/Daniel/Documents/stm/build/obj_nucleo207/startup_stm32f207xx.o
DMA2_Stream3_IRQHandler                           /mnt/c/Users/Daniel/Documents/stm/build/obj_nucleo207/startup_stm32f207xx.o
DMA2_Stream4_IRQHandler                           /mnt/c/Users/Daniel/Documents/stm/build/obj_nucleo207/startup_stm32f207xx.o
DMA2_Stream5_IRQHandler                           /mnt/c/Users/Daniel/Documents/stm/build/obj_nucleo207/startup_stm32f207xx.o
DMA2_Stream6_IRQHandler                           /mnt/c/Users/Daniel/Documents/stm/build/obj_nucleo207/startup_stm32f207xx.o
DMA2_Stream7_IRQHandler                           /mnt/c/Users/Daniel/Documents/stm/build/obj_nucleo207/startup_stm32f207xx.o
DebugMon_Handler                                  /mnt/c/Users/Daniel/Documents/stm/build/obj_nucleo207/stm32f2xx_it.o
Default_Handler                                   /mnt/c/Users/Daniel/Documents/stm/build/obj_nucleo207/startup_stm32f207xx.o
ETH_IRQHandler                                    /mnt/c/Users/Daniel/Documents/stm/build/obj_nucleo207/startup_stm32f207xx.o
ETH_WKUP_IRQHandler                               /mnt/c/Users/Daniel/Documents/stm/build/obj_nucleo207/startup_stm32f207xx.o
EXTI0_IRQHandler                                  /mnt/c/Users/Daniel/Documents/stm/build/obj_nucleo207/startup_stm32f207xx.o
EXTI15_10_IRQHandler                              /mnt/c/Users/Daniel/Documents/stm/build/obj_nucleo207/startup_stm32f207xx.o
EXTI1_IRQHandler                                  /mnt/c/Users/Daniel/Documents/stm/build/obj_nucleo207/startup_stm32f207xx.o
EXTI2_IRQHandler                                  /mnt/c/Users/Daniel/Documents/stm/build/obj_nucleo207/startup_stm32f207xx.o
EXTI3_IRQHandler                                  /mnt/c/Users/Daniel/Documents/stm/build/obj_nucleo207/startup_stm32f207xx.o
EXTI4_IRQHandler                                  /mnt/c/Users/Daniel/Documents/stm/build/obj_nucleo207/startup_stm32f207xx.o
EXTI9_5_IRQHandler                                /mnt/c/Users/Daniel/Documents/stm/build/obj_nucleo207/startup_stm32f207xx.o
Error_Handler                                     /mnt/c/Users/Daniel/Documents/stm/build/obj_nucleo207/main.o
FLASH_Erase_Sector                                /mnt/c/Users/Daniel/Documents/stm/build/obj_nucleo207/stm32f2xx_hal_flash_ex.o
                                                  /mnt/c/Users/Daniel/Documents/stm/build/obj_nucleo207/stm32f2xx_hal_flash.o
FLASH_FlushCaches                                 /mnt/c/Users/Daniel/Documents/stm/build/obj_nucleo207/stm32f2xx_hal_flash_ex.o
                                                  /mnt/c/Users/Daniel/Documents/stm/build/obj_nucleo207/stm32f2xx_hal_flash.o
FLASH_IRQHandler                                  /mnt/c/Users/Daniel/Documents/stm/build/obj_nucleo207/startup_stm32f207xx.o
FLASH_WaitForLastOperation                        /mnt/c/Users/Daniel/Documents/stm/build/obj_nucleo207/stm32f2xx_hal_flash.o
                                                  /mnt/c/Users/Daniel/Documents/stm/build/obj_nucleo207/stm32f2xx_hal_flash_ex.o
FSMC_IRQHandler                                   /mnt/c/Users/Daniel/Documents/stm/build/obj_nucleo207/startup_stm32f207xx.o
HAL_DBGMCU_DisableDBGSleepMode                    /mnt/c/Users/Daniel/Documents/stm/build/obj_nucleo207/stm32f2xx_hal.o
HAL_DBGMCU_DisableDBGStandbyMode                  /mnt/c/Users/Daniel/Documents/stm/build/obj_nucleo207/stm32f2xx_hal.o
HAL_DBGMCU_DisableDBGStopMode                     /mnt/c/Users/Daniel/Documents/stm/build/obj_nucleo207/stm32f2xx_hal.o
HAL_DBGMCU_EnableDBGSleepMode                     /mnt/c/Users/Daniel/Documents/stm/build/obj_nucleo207/stm32f2xx_hal.o
HAL_DBGMCU_EnableDBGStandbyMode                   /mnt/c/Users/Daniel/Documents/stm/build/obj_nucleo207/stm32f2xx_hal.o
HAL_DBGMCU_EnableDBGStopMode                      /mnt/c/Users/Daniel/Documents/stm/build/obj_nucleo207/stm32f2xx_hal.o
HAL_DMAEx_ChangeMemory                            /mnt/c/Users/Daniel/Documents/stm/build/obj_nucleo207/stm32f2xx_hal_dma_ex.o
HAL_DMAEx_MultiBufferStart                        /mnt/c/Users/Daniel/Documents/stm/build/obj_nucleo207/stm32f2xx_hal_dma_ex.o
HAL_DMAEx_MultiBufferStart_IT                     /mnt/c/Users/Daniel/Documents/stm/build/obj_nucleo207/stm32f2xx_hal_dma_ex.o
HAL_DMA_Abort                                     /mnt/c/Users/Daniel/Documents/stm/build/obj_nucleo207/stm32f2xx_hal_dma.o
HAL_DMA_Abort_IT                                  /mnt/c/Users/Daniel/Documents/stm/build/obj_nucleo207/stm32f2xx_hal_dma.o
HAL_DMA_DeInit                                    /mnt/c/Users/Daniel/Documents/stm/build/obj_nucleo207/stm32f2xx_hal_dma.o
HAL_DMA_GetError                                  /mnt/c/Users/Daniel/Documents/stm/build/obj_nucleo207/stm32f2xx_hal_dma.o
HAL_DMA_GetState                                  /mnt/c/Users/Daniel/Documents/stm/build/obj_nucleo207/stm32f2xx_hal_dma.o
HAL_DMA_IRQHandler                                /mnt/c/Users/Daniel/Documents/stm/build/obj_nucleo207/stm32f2xx_hal_dma.o
HAL_DMA_Init                                      /mnt/c/Users/Daniel/Documents/stm/build/obj_nucleo207/stm32f2xx_hal_dma.o
HAL_DMA_PollForTransfer                           /mnt/c/Users/Daniel/Documents/stm/build/obj_nucleo207/stm32f2xx_hal_dma.o
HAL_DMA_RegisterCallback                          /mnt/c/Users/Daniel/Documents/stm/build/obj_nucleo207/stm32f2xx_hal_dma.o
HAL_DMA_Start                                     /mnt/c/Users/Daniel/Documents/stm/build/obj_nucleo207/stm32f2xx_hal_dma.o
HAL_DMA_Start_IT                                  /mnt/c/Users/Daniel/Documents/stm/build/obj_nucleo207/stm32f2xx_hal_dma.o
HAL_DMA_UnRegisterCallback                        /mnt/c/Users/Daniel/Documents/stm/build/obj_nucleo207/stm32f2xx_hal_dma.o
HAL_DeInit                                        /mnt/c/Users/Daniel/Documents/stm/build/obj_nucleo207/stm32f2xx_hal.o
HAL_Delay                                         /mnt/c/Users/Daniel/Documents/stm/build/obj_nucleo207/stm32f2xx_hal.o
HAL_DisableCompensationCell                       /mnt/c/Users/Daniel/Documents/stm/build/obj_nucleo207/stm32f2xx_hal.o
HAL_EXTI_ClearConfigLine                          /mnt/c/Users/Daniel/Documents/stm/build/obj_nucleo207/stm32f2xx_hal_exti.o
HAL_EXTI_ClearPending                             /mnt/c/Users/Daniel/Documents/stm/build/obj_nucleo207/stm32f2xx_hal_exti.o
HAL_EXTI_GenerateSWI                              /mnt/c/Users/Daniel/Documents/stm/build/obj_nucleo207/stm32f2xx_hal_exti.o
HAL_EXTI_GetConfigLine                            /mnt/c/Users/Daniel/Documents/stm/build/obj_nucleo207/stm32f2xx_hal_exti.o
HAL_EXTI_GetHandle                                /mnt/c/Users/Daniel/Documents/stm/build/obj_nucleo207/stm32f2xx_hal_exti.o
HAL_EXTI_GetPending                               /mnt/c/Users/Daniel/Documents/stm/build/obj_nucleo207/stm32f2xx_hal_exti.o
HAL_EXTI_IRQHandler                               /mnt/c/Users/Daniel/Documents/stm/build/obj_nucleo207/stm32f2xx_hal_exti.o
HAL_EXTI_RegisterCallback                         /mnt/c/Users/Daniel/Documents/stm/build/obj_nucleo207/stm32f2xx_hal_exti.o
HAL_EXTI_SetConfigLine                            /mnt/c/Users/Daniel/Documents/stm/build/obj_nucleo207/stm32f2xx_hal_exti.o
HAL_EnableCompensationCell                        /mnt/c/Users/Daniel/Documents/stm/build/obj_nucleo207/stm32f2xx_hal.o
HAL_FLASHEx_Erase                                 /mnt/c/Users/Daniel/Documents/stm/build/obj_nucleo207/stm32f2xx_hal_flash_ex.o
HAL_FLASHEx_Erase_IT                              /mnt/c/Users/Daniel/Documents/stm/build/obj_nucleo207/stm32f2xx_hal_flash_ex.o
HAL_FLASHEx_OBGetConfig                           /mnt/c/Users/Daniel/Documents/stm/build/obj_nucleo207/stm32f2xx_hal_flash_ex.o
HAL_FLASHEx_OBProgram                             /mnt/c/Users/Daniel/Documents/stm/build/obj_nucleo207/stm32f2xx_hal_flash_ex.o
HAL_FLASH_EndOfOperationCallback                  /mnt/c/Users/Daniel/Documents/stm/build/obj_nucleo207/stm32f2xx_hal_flash.o
HAL_FLASH_GetError                                /mnt/c/Users/Daniel/Documents/stm/build/obj_nucleo207/stm32f2xx_hal_flash.o
HAL_FLASH_IRQHandler                              /mnt/c/Users/Daniel/Documents/stm/build/obj_nucleo207/stm32f2xx_hal_flash.o
HAL_FLASH_Lock                                    /mnt/c/Users/Daniel/Documents/stm/build/obj_nucleo207/stm32f2xx_hal_flash.o
HAL_FLASH_OB_Launch                               /mnt/c/Users/Daniel/Documents/stm/build/obj_nucleo207/stm32f2xx_hal_flash.o
HAL_FLASH_OB_Lock                                 /mnt/c/Users/Daniel/Documents/stm/build/obj_nucleo207/stm32f2xx_hal_flash.o
HAL_FLASH_OB_Unlock                               /mnt/c/Users/Daniel/Documents/stm/build/obj_nucleo207/stm32f2xx_hal_flash.o
HAL_FLASH_OperationErrorCallback                  /mnt/c/Users/Daniel/Documents/stm/build/obj_nucleo207/stm32f2xx_hal_flash.o
HAL_FLASH_Program                                 /mnt/c/Users/Daniel/Documents/stm/build/obj_nucleo207/stm32f2xx_hal_flash.o
HAL_FLASH_Program_IT                              /mnt/c/Users/Daniel/Documents/stm/build/obj_nucleo207/stm32f2xx_hal_flash.o
HAL_FLASH_Unlock                                  /mnt/c/Users/Daniel/Documents/stm/build/obj_nucleo207/stm32f2xx_hal_flash.o
HAL_GPIO_DeInit                                   /mnt/c/Users/Daniel/Documents/stm/build/obj_nucleo207/stm32f2xx_hal_gpio.o
HAL_GPIO_EXTI_Callback                            /mnt/c/Users/Daniel/Documents/stm/build/obj_nucleo207/stm32f2xx_hal_gpio.o
HAL_GPIO_EXTI_IRQHandler                          /mnt/c/Users/Daniel/Documents/stm/build/obj_nucleo207/stm32f2xx_hal_gpio.o
HAL_GPIO_Init                                     /mnt/c/Users/Daniel/Documents/stm/build/obj_nucleo207/stm32f2xx_hal_gpio.o
                                                  /mnt/c/Users/Daniel/Documents/stm/build/obj_nucleo207/stm32f2xx_hal_rcc.o
                                                  /mnt/c/Users/Daniel/Documents/stm/build/obj_nucleo207/main.o
HAL_GPIO_LockPin                                  /mnt/c/Users/Daniel/Documents/stm/build/obj_nucleo207/stm32f2xx_hal_gpio.o
HAL_GPIO_ReadPin                                  /mnt/c/Users/Daniel/Documents/stm/build/obj_nucleo207/stm32f2xx_hal_gpio.o
                                                  /mnt/c/Users/Daniel/Documents/stm/build/obj_nucleo207/main.o
HAL_GPIO_TogglePin                                /mnt/c/Users/Daniel/Documents/stm/build/obj_nucleo207/stm32f2xx_hal_gpio.o
                                                  /mnt/c/Users/Daniel/Documents/stm/build/obj_nucleo207/main.o
HAL_GPIO_WritePin                                 /mnt/c/Users/Daniel/Documents/stm/build/obj_nucleo207/stm32f2xx_hal_gpio.o
                                                  /mnt/c/Users/Daniel/Documents/stm/build/obj_nucleo207/main.o
HAL_GetDEVID                                      /mnt/c/Users/Daniel/Documents/stm/build/obj_nucleo207/stm32f2xx_hal.o
HAL_GetHalVersion                                 /mnt/c/Users/Daniel/Documents/stm/build/obj_nucleo207/stm32f2xx_hal.o
HAL_GetREVID                                      /mnt/c/Users/Daniel/Documents/stm/build/obj_nucleo207/stm32f2xx_hal.o
HAL_GetTick                                       /mnt/c/Users/Daniel/Documents/stm/build/obj_nucleo207/stm32f2xx_hal.o
                                                  /mnt/c/Users/Daniel/Documents/stm/build/obj_nucleo207/stm32f2xx_hal_dma.o
                                                  /mnt/c/Users/Daniel/Documents/stm/build/obj_nucleo207/stm32f2xx_hal_pwr_ex.o
                                                  /mnt/c/Users/Daniel/Documents/stm/build/obj_nucleo207/stm32f2xx_hal_flash.o
                                                  /mnt/c/Users/Daniel/Documents/stm/build/obj_nucleo207/stm32f2xx_hal_rcc_ex.o
                                                  /mnt/c/Users/Daniel/Documents/stm/build/obj_nucleo207/stm32f2xx_hal_rcc.o
HAL_GetTickFreq                                   /mnt/c/Users/Daniel/Documents/stm/build/obj_nucleo207/stm32f2xx_hal.o
HAL_GetTickPrio                                   /mnt/c/Users/Daniel/Documents/stm/build/obj_nucleo207/stm32f2xx_hal.o
HAL_GetUIDw0                                      /mnt/c/Users/Daniel/Documents/stm/build/obj_nucleo207/stm32f2xx_hal.o
HAL_GetUIDw1                                      /mnt/c/Users/Daniel/Documents/stm/build/obj_nucleo207/stm32f2xx_hal.o
HAL_GetUIDw2                                      /mnt/c/Users/Daniel/Documents/stm/build/obj_nucleo207/stm32f2xx_hal.o
HAL_IncTick                                       /mnt/c/Users/Daniel/Documents/stm/build/obj_nucleo207/stm32f2xx_hal.o
                                                  /mnt/c/Users/Daniel/Documents/stm/build/obj_nucleo207/stm32f2xx_it.o
HAL_Init                                          /mnt/c/Users/Daniel/Documents/stm/build/obj_nucleo207/stm32f2xx_hal.o
                                                  /mnt/c/Users/Daniel/Documents/stm/build/obj_nucleo207/main.o
HAL_InitTick                                      /mnt/c/Users/Daniel/Documents/stm/build/obj_nucleo207/stm32f2xx_hal.o
                                                  /mnt/c/Users/Daniel/Documents/stm/build/obj_nucleo207/stm32f2xx_hal_rcc.o
HAL_MPU_ConfigRegion                              /mnt/c/Users/Daniel/Documents/stm/build/obj_nucleo207/stm32f2xx_hal_cortex.o
HAL_MPU_Disable                                   /mnt/c/Users/Daniel/Documents/stm/build/obj_nucleo207/stm32f2xx_hal_cortex.o
HAL_MPU_Enable                                    /mnt/c/Users/Daniel/Documents/stm/build/obj_nucleo207/stm32f2xx_hal_cortex.o
HAL_MspDeInit                                     /mnt/c/Users/Daniel/Documents/stm/build/obj_nucleo207/stm32f2xx_hal.o
HAL_MspInit                                       /mnt/c/Users/Daniel/Documents/stm/build/obj_nucleo207/stm32f2xx_hal_msp.o
HAL_NVIC_ClearPendingIRQ                          /mnt/c/Users/Daniel/Documents/stm/build/obj_nucleo207/stm32f2xx_hal_cortex.o
HAL_NVIC_DisableIRQ                               /mnt/c/Users/Daniel/Documents/stm/build/obj_nucleo207/stm32f2xx_hal_cortex.o
HAL_NVIC_EnableIRQ                                /mnt/c/Users/Daniel/Documents/stm/build/obj_nucleo207/stm32f2xx_hal_cortex.o
HAL_NVIC_GetActive                                /mnt/c/Users/Daniel/Documents/stm/build/obj_nucleo207/stm32f2xx_hal_cortex.o
HAL_NVIC_GetPendingIRQ                            /mnt/c/Users/Daniel/Documents/stm/build/obj_nucleo207/stm32f2xx_hal_cortex.o
HAL_NVIC_GetPriority                              /mnt/c/Users/Daniel/Documents/stm/build/obj_nucleo207/stm32f2xx_hal_cortex.o
HAL_NVIC_GetPriorityGrouping                      /mnt/c/Users/Daniel/Documents/stm/build/obj_nucleo207/stm32f2xx_hal_cortex.o
HAL_NVIC_SetPendingIRQ                            /mnt/c/Users/Daniel/Documents/stm/build/obj_nucleo207/stm32f2xx_hal_cortex.o
HAL_NVIC_SetPriority                              /mnt/c/Users/Daniel/Documents/stm/build/obj_nucleo207/stm32f2xx_hal_cortex.o
                                                  /mnt/c/Users/Daniel/Documents/stm/build/obj_nucleo207/stm32f2xx_hal.o
HAL_NVIC_SetPriorityGrouping                      /mnt/c/Users/Daniel/Documents/stm/build/obj_nucleo207/stm32f2xx_hal_cortex.o
                                                  /mnt/c/Users/Daniel/Documents/stm/build/obj_nucleo207/stm32f2xx_hal.o
HAL_NVIC_SystemReset                              /mnt/c/Users/Daniel/Documents/stm/build/obj_nucleo207/stm32f2xx_hal_cortex.o
HAL_PWREx_DisableBkUpReg                          /mnt/c/Users/Daniel/Documents/stm/build/obj_nucleo207/stm32f2xx_hal_pwr_ex.o
HAL_PWREx_DisableFlashPowerDown                   /mnt/c/Users/Daniel/Documents/stm/build/obj_nucleo207/stm32f2xx_hal_pwr_ex.o
HAL_PWREx_EnableBkUpReg                           /mnt/c/Users/Daniel/Documents/stm/build/obj_nucleo207/stm32f2xx_hal_pwr_ex.o
HAL_PWREx_EnableFlashPowerDown                    /mnt/c/Users/Daniel/Documents/stm/build/obj_nucleo207/stm32f2xx_hal_pwr_ex.o
HAL_PWR_ConfigPVD                                 /mnt/c/Users/Daniel/Documents/stm/build/obj_nucleo207/stm32f2xx_hal_pwr.o
HAL_PWR_DeInit                                    /mnt/c/Users/Daniel/Documents/stm/build/obj_nucleo207/stm32f2xx_hal_pwr.o
HAL_PWR_DisableBkUpAccess                         /mnt/c/Users/Daniel/Documents/stm/build/obj_nucleo207/stm32f2xx_hal_pwr.o
HAL_PWR_DisablePVD                                /mnt/c/Users/Daniel/Documents/stm/build/obj_nucleo207/stm32f2xx_hal_pwr.o
HAL_PWR_DisableSEVOnPend                          /mnt/c/Users/Daniel/Documents/stm/build/obj_nucleo207/stm32f2xx_hal_pwr.o
HAL_PWR_DisableSleepOnExit                        /mnt/c/Users/Daniel/Documents/stm/build/obj_nucleo207/stm32f2xx_hal_pwr.o
HAL_PWR_DisableWakeUpPin                          /mnt/c/Users/Daniel/Documents/stm/build/obj_nucleo207/stm32f2xx_hal_pwr.o
HAL_PWR_EnableBkUpAccess                          /mnt/c/Users/Daniel/Documents/stm/build/obj_nucleo207/stm32f2xx_hal_pwr.o
HAL_PWR_EnablePVD                                 /mnt/c/Users/Daniel/Documents/stm/build/obj_nucleo207/stm32f2xx_hal_pwr.o
HAL_PWR_EnableSEVOnPend                           /mnt/c/Users/Daniel/Documents/stm/build/obj_nucleo207/stm32f2xx_hal_pwr.o
HAL_PWR_EnableSleepOnExit                         /mnt/c/Users/Daniel/Documents/stm/build/obj_nucleo207/stm32f2xx_hal_pwr.o
HAL_PWR_EnableWakeUpPin                           /mnt/c/Users/Daniel/Documents/stm/build/obj_nucleo207/stm32f2xx_hal_pwr.o
HAL_PWR_EnterSLEEPMode                            /mnt/c/Users/Daniel/Documents/stm/build/obj_nucleo207/stm32f2xx_hal_pwr.o
HAL_PWR_EnterSTANDBYMode                          /mnt/c/Users/Daniel/Documents/stm/build/obj_nucleo207/stm32f2xx_hal_pwr.o
HAL_PWR_EnterSTOPMode                             /mnt/c/Users/Daniel/Documents/stm/build/obj_nucleo207/stm32f2xx_hal_pwr.o
HAL_PWR_PVDCallback                               /mnt/c/Users/Daniel/Documents/stm/build/obj_nucleo207/stm32f2xx_hal_pwr.o
HAL_PWR_PVD_IRQHandler                            /mnt/c/Users/Daniel/Documents/stm/build/obj_nucleo207/stm32f2xx_hal_pwr.o
HAL_RCCEx_GetPeriphCLKConfig                      /mnt/c/Users/Daniel/Documents/stm/build/obj_nucleo207/stm32f2xx_hal_rcc_ex.o
HAL_RCCEx_PeriphCLKConfig                         /mnt/c/Users/Daniel/Documents/stm/build/obj_nucleo207/stm32f2xx_hal_rcc_ex.o
HAL_RCC_CSSCallback                               /mnt/c/Users/Daniel/Documents/stm/build/obj_nucleo207/stm32f2xx_hal_rcc.o
HAL_RCC_ClockConfig                               /mnt/c/Users/Daniel/Documents/stm/build/obj_nucleo207/stm32f2xx_hal_rcc.o
                                                  /mnt/c/Users/Daniel/Documents/stm/build/obj_nucleo207/main.o
HAL_RCC_DeInit                                    /mnt/c/Users/Daniel/Documents/stm/build/obj_nucleo207/stm32f2xx_hal_rcc.o
HAL_RCC_DisableCSS                                /mnt/c/Users/Daniel/Documents/stm/build/obj_nucleo207/stm32f2xx_hal_rcc.o
HAL_RCC_EnableCSS                                 /mnt/c/Users/Daniel/Documents/stm/build/obj_nucleo207/stm32f2xx_hal_rcc.o
HAL_RCC_GetClockConfig                            /mnt/c/Users/Daniel/Documents/stm/build/obj_nucleo207/stm32f2xx_hal_rcc.o
HAL_RCC_GetHCLKFreq                               /mnt/c/Users/Daniel/Documents/stm/build/obj_nucleo207/stm32f2xx_hal_rcc.o
HAL_RCC_GetOscConfig                              /mnt/c/Users/Daniel/Documents/stm/build/obj_nucleo207/stm32f2xx_hal_rcc.o
HAL_RCC_GetPCLK1Freq                              /mnt/c/Users/Daniel/Documents/stm/build/obj_nucleo207/stm32f2xx_hal_rcc.o
HAL_RCC_GetPCLK2Freq                              /mnt/c/Users/Daniel/Documents/stm/build/obj_nucleo207/stm32f2xx_hal_rcc.o
HAL_RCC_GetSysClockFreq                           /mnt/c/Users/Daniel/Documents/stm/build/obj_nucleo207/stm32f2xx_hal_rcc.o
HAL_RCC_MCOConfig                                 /mnt/c/Users/Daniel/Documents/stm/build/obj_nucleo207/stm32f2xx_hal_rcc.o
HAL_RCC_NMI_IRQHandler                            /mnt/c/Users/Daniel/Documents/stm/build/obj_nucleo207/stm32f2xx_hal_rcc.o
HAL_RCC_OscConfig                                 /mnt/c/Users/Daniel/Documents/stm/build/obj_nucleo207/stm32f2xx_hal_rcc.o
                                                  /mnt/c/Users/Daniel/Documents/stm/build/obj_nucleo207/main.o
HAL_ResumeTick                                    /mnt/c/Users/Daniel/Documents/stm/build/obj_nucleo207/stm32f2xx_hal.o
HAL_SYSTICK_CLKSourceConfig                       /mnt/c/Users/Daniel/Documents/stm/build/obj_nucleo207/stm32f2xx_hal_cortex.o
HAL_SYSTICK_Callback                              /mnt/c/Users/Daniel/Documents/stm/build/obj_nucleo207/stm32f2xx_hal_cortex.o
HAL_SYSTICK_Config                                /mnt/c/Users/Daniel/Documents/stm/build/obj_nucleo207/stm32f2xx_hal_cortex.o
                                                  /mnt/c/Users/Daniel/Documents/stm/build/obj_nucleo207/stm32f2xx_hal.o
HAL_SYSTICK_IRQHandler                            /mnt/c/Users/Daniel/Documents/stm/build/obj_nucleo207/stm32f2xx_hal_cortex.o
HAL_SetTickFreq                                   /mnt/c/Users/Daniel/Documents/stm/build/obj_nucleo207/stm32f2xx_hal.o
HAL_SuspendTick                                   /mnt/c/Users/Daniel/Documents/stm/build/obj_nucleo207/stm32f2xx_hal.o
HASH_RNG_IRQHandler                               /mnt/c/Users/Daniel/Documents/stm/build/obj_nucleo207/startup_stm32f207xx.o
HardFault_Handler                                 /mnt/c/Users/Daniel/Documents/stm/build/obj_nucleo207/stm32f2xx_it.o
I2C1_ER_IRQHandler                                /mnt/c/Users/Daniel/Documents/stm/build/obj_nucleo207/startup_stm32f207xx.o
I2C1_EV_IRQHandler                                /mnt/c/Users/Daniel/Documents/stm/build/obj_nucleo207/startup_stm32f207xx.o
I2C2_ER_IRQHandler                                /mnt/c/Users/Daniel/Documents/stm/build/obj_nucleo207/startup_stm32f207xx.o
I2C2_EV_IRQHandler                                /mnt/c/Users/Daniel/Documents/stm/build/obj_nucleo207/startup_stm32f207xx.o
I2C3_ER_IRQHandler                                /mnt/c/Users/Daniel/Documents/stm/build/obj_nucleo207/startup_stm32f207xx.o
I2C3_EV_IRQHandler                                /mnt/c/Users/Daniel/Documents/stm/build/obj_nucleo207/startup_stm32f207xx.o
MemManage_Handler                                 /mnt/c/Users/Daniel/Documents/stm/build/obj_nucleo207/stm32f2xx_it.o
NMI_Handler                                       /mnt/c/Users/Daniel/Documents/stm/build/obj_nucleo207/stm32f2xx_it.o
OTG_FS_IRQHandler                                 /mnt/c/Users/Daniel/Documents/stm/build/obj_nucleo207/startup_stm32f207xx.o
OTG_FS_WKUP_IRQHandler                            /mnt/c/Users/Daniel/Documents/stm/build/obj_nucleo207/startup_stm32f207xx.o
OTG_HS_EP1_IN_IRQHandler                          /mnt/c/Users/Daniel/Documents/stm/build/obj_nucleo207/startup_stm32f207xx.o
OTG_HS_EP1_OUT_IRQHandler                         /mnt/c/Users/Daniel/Documents/stm/build/obj_nucleo207/startup_stm32f207xx.o
OTG_HS_IRQHandler                                 /mnt/c/Users/Daniel/Documents/stm/build/obj_nucleo207/startup_stm32f207xx.o
OTG_HS_WKUP_IRQHandler                            /mnt/c/Users/Daniel/Documents/stm/build/obj_nucleo207/startup_stm32f207xx.o
PVD_IRQHandler                                    /mnt/c/Users/Daniel/Documents/stm/build/obj_nucleo207/startup_stm32f207xx.o
PendSV_Handler                                    /mnt/c/Users/Daniel/Documents/stm/build/obj_nucleo207/stm32f2xx_it.o
RCC_IRQHandler                                    /mnt/c/Users/Daniel/Documents/stm/build/obj_nucleo207/startup_stm32f207xx.o
RTC_Alarm_IRQHandler                              /mnt/c/Users/Daniel/Documents/stm/build/obj_nucleo207/startup_stm32f207xx.o
RTC_WKUP_IRQHandler                               /mnt/c/Users/Daniel/Documents/stm/build/obj_nucleo207/startup_stm32f207xx.o
Reset_Handler                                     /mnt/c/Users/Daniel/Documents/stm/build/obj_nucleo207/startup_stm32f207xx.o
SDIO_IRQHandler                                   /mnt/c/Users/Daniel/Documents/stm/build/obj_nucleo207/startup_stm32f207xx.o
SPI1_IRQHandler                                   /mnt/c/Users/Daniel/Documents/stm/build/obj_nucleo207/startup_stm32f207xx.o
SPI2_IRQHandler                                   /mnt/c/Users/Daniel/Documents/stm/build/obj_nucleo207/startup_stm32f207xx.o
SPI3_IRQHandler                                   /mnt/c/Users/Daniel/Documents/stm/build/obj_nucleo207/startup_stm32f207xx.o
SVC_Handler                                       /mnt/c/Users/Daniel/Documents/stm/build/obj_nucleo207/stm32f2xx_it.o
SysTick_Handler                                   /mnt/c/Users/Daniel/Documents/stm/build/obj_nucleo207/stm32f2xx_it.o
SystemClock_Config                                /mnt/c/Users/Daniel/Documents/stm/build/obj_nucleo207/main.o
SystemCoreClock                                   /mnt/c/Users/Daniel/Documents/stm/build/obj_nucleo207/system_stm32f2xx.o
                                                  /mnt/c/Users/Daniel/Documents/stm/build/obj_nucleo207/stm32f2xx_hal_dma.o
                                                  /mnt/c/Users/Daniel/Documents/stm/build/obj_nucleo207/stm32f2xx_hal_rcc.o
                                                  /mnt/c/Users/Daniel/Documents/stm/build/obj_nucleo207/stm32f2xx_hal.o
SystemCoreClockUpdate                             /mnt/c/Users/Daniel/Documents/stm/build/obj_nucleo207/system_stm32f2xx.o
SystemInit                                        /mnt/c/Users/Daniel/Documents/stm/build/obj_nucleo207/system_stm32f2xx.o
                                                  /mnt/c/Users/Daniel/Documents/stm/build/obj_nucleo207/startup_stm32f207xx.o
TAMP_STAMP_IRQHandler                             /mnt/c/Users/Daniel/Documents/stm/build/obj_nucleo207/startup_stm32f207xx.o
TIM1_BRK_TIM9_IRQHandler                          /mnt/c/Users/Daniel/Documents/stm/build/obj_nucleo207/startup_stm32f207xx.o
TIM1_CC_IRQHandler                                /mnt/c/Users/Daniel/Documents/stm/build/obj_nucleo207/startup_stm32f207xx.o
TIM1_TRG_COM_TIM11_IRQHandler                     /mnt/c/Users/Daniel/Documents/stm/build/obj_nucleo207/startup_stm32f207xx.o
TIM1_UP_TIM10_IRQHandler                          /mnt/c/Users/Daniel/Documents/stm/build/obj_nucleo207/startup_stm32f207xx.o
TIM2_IRQHandler                                   /mnt/c/Users/Daniel/Documents/stm/build/obj_nucleo207/startup_stm32f207xx.o
TIM3_IRQHandler                                   /mnt/c/Users/Daniel/Documents/stm/build/obj_nucleo207/startup_stm32f207xx.o
TIM4_IRQHandler                                   /mnt/c/Users/Daniel/Documents/stm/build/obj_nucleo207/startup_stm32f207xx.o
TIM5_IRQHandler                                   /mnt/c/Users/Daniel/Documents/stm/build/obj_nucleo207/startup_stm32f207xx.o
TIM6_DAC_IRQHandler                               /mnt/c/Users/Daniel/Documents/stm/build/obj_nucleo207/startup_stm32f207xx.o
TIM7_IRQHandler                                   /mnt/c/Users/Daniel/Documents/stm/build/obj_nucleo207/startup_stm32f207xx.o
TIM8_BRK_TIM12_IRQHandler                         /mnt/c/Users/Daniel/Documents/stm/build/obj_nucleo207/startup_stm32f207xx.o
TIM8_CC_IRQHandler                                /mnt/c/Users/Daniel/Documents/stm/build/obj_nucleo207/startup_stm32f207xx.o
TIM8_TRG_COM_TIM14_IRQHandler                     /mnt/c/Users/Daniel/Documents/stm/build/obj_nucleo207/startup_stm32f207xx.o
TIM8_UP_TIM13_IRQHandler                          /mnt/c/Users/Daniel/Documents/stm/build/obj_nucleo207/startup_stm32f207xx.o
UART4_IRQHandler                                  /mnt/c/Users/Daniel/Documents/stm/build/obj_nucleo207/startup_stm32f207xx.o
UART5_IRQHandler                                  /mnt/c/Users/Daniel/Documents/stm/build/obj_nucleo207/startup_stm32f207xx.o
USART1_IRQHandler                                 /mnt/c/Users/Daniel/Documents/stm/build/obj_nucleo207/startup_stm32f207xx.o
USART2_IRQHandler                                 /mnt/c/Users/Daniel/Documents/stm/build/obj_nucleo207/startup_stm32f207xx.o
USART3_IRQHandler                                 /mnt/c/Users/Daniel/Documents/stm/build/obj_nucleo207/startup_stm32f207xx.o
USART6_IRQHandler                                 /mnt/c/Users/Daniel/Documents/stm/build/obj_nucleo207/startup_stm32f207xx.o
UsageFault_Handler                                /mnt/c/Users/Daniel/Documents/stm/build/obj_nucleo207/stm32f2xx_it.o
WWDG_IRQHandler                                   /mnt/c/Users/Daniel/Documents/stm/build/obj_nucleo207/startup_stm32f207xx.o
__aeabi_idiv0                                     /opt/gcc-arm-none-eabi-7-2017-q4-major/bin/../lib/gcc/arm-none-eabi/7.2.1/thumb/v7-m/libgcc.a(_dvmd_tls.o)
__aeabi_ldiv0                                     /opt/gcc-arm-none-eabi-7-2017-q4-major/bin/../lib/gcc/arm-none-eabi/7.2.1/thumb/v7-m/libgcc.a(_dvmd_tls.o)
                                                  /opt/gcc-arm-none-eabi-7-2017-q4-major/bin/../lib/gcc/arm-none-eabi/7.2.1/thumb/v7-m/libgcc.a(_aeabi_uldivmod.o)
__aeabi_uldivmod                                  /opt/gcc-arm-none-eabi-7-2017-q4-major/bin/../lib/gcc/arm-none-eabi/7.2.1/thumb/v7-m/libgcc.a(_aeabi_uldivmod.o)
                                                  /mnt/c/Users/Daniel/Documents/stm/build/obj_nucleo207/stm32f2xx_hal_rcc.o
__bss_end__                                       /opt/gcc-arm-none-eabi-7-2017-q4-major/bin/../lib/gcc/arm-none-eabi/7.2.1/../../../../arm-none-eabi/lib/thumb/v7-m/crt0.o
__bss_start__                                     /opt/gcc-arm-none-eabi-7-2017-q4-major/bin/../lib/gcc/arm-none-eabi/7.2.1/../../../../arm-none-eabi/lib/thumb/v7-m/crt0.o
__call_exitprocs                                  /opt/gcc-arm-none-eabi-7-2017-q4-major/bin/../lib/gcc/arm-none-eabi/7.2.1/../../../../arm-none-eabi/lib/thumb/v7-m/libc_nano.a(lib_a-exit.o)
__deregister_frame_info                           /opt/gcc-arm-none-eabi-7-2017-q4-major/bin/../lib/gcc/arm-none-eabi/7.2.1/thumb/v7-m/crtbegin.o
__dso_handle                                      /opt/gcc-arm-none-eabi-7-2017-q4-major/bin/../lib/gcc/arm-none-eabi/7.2.1/thumb/v7-m/crtbegin.o
__init_array_end                                  /opt/gcc-arm-none-eabi-7-2017-q4-major/bin/../lib/gcc/arm-none-eabi/7.2.1/../../../../arm-none-eabi/lib/thumb/v7-m/libc_nano.a(lib_a-init.o)
__init_array_start                                /opt/gcc-arm-none-eabi-7-2017-q4-major/bin/../lib/gcc/arm-none-eabi/7.2.1/../../../../arm-none-eabi/lib/thumb/v7-m/libc_nano.a(lib_a-init.o)
__libc_fini_array                                 /opt/gcc-arm-none-eabi-7-2017-q4-major/bin/../lib/gcc/arm-none-eabi/7.2.1/../../../../arm-none-eabi/lib/thumb/v7-m/crt0.o
__libc_init_array                                 /opt/gcc-arm-none-eabi-7-2017-q4-major/bin/../lib/gcc/arm-none-eabi/7.2.1/../../../../arm-none-eabi/lib/thumb/v7-m/libc_nano.a(lib_a-init.o)
                                                  /mnt/c/Users/Daniel/Documents/stm/build/obj_nucleo207/startup_stm32f207xx.o
                                                  /opt/gcc-arm-none-eabi-7-2017-q4-major/bin/../lib/gcc/arm-none-eabi/7.2.1/../../../../arm-none-eabi/lib/thumb/v7-m/crt0.o
__preinit_array_end                               /opt/gcc-arm-none-eabi-7-2017-q4-major/bin/../lib/gcc/arm-none-eabi/7.2.1/../../../../arm-none-eabi/lib/thumb/v7-m/libc_nano.a(lib_a-init.o)
__preinit_array_start                             /opt/gcc-arm-none-eabi-7-2017-q4-major/bin/../lib/gcc/arm-none-eabi/7.2.1/../../../../arm-none-eabi/lib/thumb/v7-m/libc_nano.a(lib_a-init.o)
__register_frame_info                             /opt/gcc-arm-none-eabi-7-2017-q4-major/bin/../lib/gcc/arm-none-eabi/7.2.1/thumb/v7-m/crtbegin.o
__sf_fake_stderr                                  /opt/gcc-arm-none-eabi-7-2017-q4-major/bin/../lib/gcc/arm-none-eabi/7.2.1/../../../../arm-none-eabi/lib/thumb/v7-m/libc_nano.a(lib_a-impure.o)
__sf_fake_stdin                                   /opt/gcc-arm-none-eabi-7-2017-q4-major/bin/../lib/gcc/arm-none-eabi/7.2.1/../../../../arm-none-eabi/lib/thumb/v7-m/libc_nano.a(lib_a-impure.o)
__sf_fake_stdout                                  /opt/gcc-arm-none-eabi-7-2017-q4-major/bin/../lib/gcc/arm-none-eabi/7.2.1/../../../../arm-none-eabi/lib/thumb/v7-m/libc_nano.a(lib_a-impure.o)
__stack                                           /opt/gcc-arm-none-eabi-7-2017-q4-major/bin/../lib/gcc/arm-none-eabi/7.2.1/../../../../arm-none-eabi/lib/thumb/v7-m/crt0.o
__udivmoddi4                                      /opt/gcc-arm-none-eabi-7-2017-q4-major/bin/../lib/gcc/arm-none-eabi/7.2.1/thumb/v7-m/libgcc.a(_udivmoddi4.o)
                                                  /opt/gcc-arm-none-eabi-7-2017-q4-major/bin/../lib/gcc/arm-none-eabi/7.2.1/thumb/v7-m/libgcc.a(_aeabi_uldivmod.o)
_ebss                                             /mnt/c/Users/Daniel/Documents/stm/build/obj_nucleo207/startup_stm32f207xx.o
_edata                                            /mnt/c/Users/Daniel/Documents/stm/build/obj_nucleo207/startup_stm32f207xx.o
_estack                                           /mnt/c/Users/Daniel/Documents/stm/build/obj_nucleo207/startup_stm32f207xx.o
_exit                                             /opt/gcc-arm-none-eabi-7-2017-q4-major/bin/../lib/gcc/arm-none-eabi/7.2.1/../../../../arm-none-eabi/lib/thumb/v7-m/libnosys.a(_exit.o)
                                                  /opt/gcc-arm-none-eabi-7-2017-q4-major/bin/../lib/gcc/arm-none-eabi/7.2.1/../../../../arm-none-eabi/lib/thumb/v7-m/libc_nano.a(lib_a-exit.o)
_fini                                             /opt/gcc-arm-none-eabi-7-2017-q4-major/bin/../lib/gcc/arm-none-eabi/7.2.1/thumb/v7-m/crti.o
_global_impure_ptr                                /opt/gcc-arm-none-eabi-7-2017-q4-major/bin/../lib/gcc/arm-none-eabi/7.2.1/../../../../arm-none-eabi/lib/thumb/v7-m/libc_nano.a(lib_a-impure.o)
                                                  /opt/gcc-arm-none-eabi-7-2017-q4-major/bin/../lib/gcc/arm-none-eabi/7.2.1/../../../../arm-none-eabi/lib/thumb/v7-m/libc_nano.a(lib_a-exit.o)
_impure_ptr                                       /opt/gcc-arm-none-eabi-7-2017-q4-major/bin/../lib/gcc/arm-none-eabi/7.2.1/../../../../arm-none-eabi/lib/thumb/v7-m/libc_nano.a(lib_a-impure.o)
_init                                             /opt/gcc-arm-none-eabi-7-2017-q4-major/bin/../lib/gcc/arm-none-eabi/7.2.1/thumb/v7-m/crti.o
                                                  /opt/gcc-arm-none-eabi-7-2017-q4-major/bin/../lib/gcc/arm-none-eabi/7.2.1/../../../../arm-none-eabi/lib/thumb/v7-m/libc_nano.a(lib_a-init.o)
_mainCRTStartup                                   /opt/gcc-arm-none-eabi-7-2017-q4-major/bin/../lib/gcc/arm-none-eabi/7.2.1/../../../../arm-none-eabi/lib/thumb/v7-m/crt0.o
_sbss                                             /mnt/c/Users/Daniel/Documents/stm/build/obj_nucleo207/startup_stm32f207xx.o
_sdata                                            /mnt/c/Users/Daniel/Documents/stm/build/obj_nucleo207/startup_stm32f207xx.o
_sidata                                           /mnt/c/Users/Daniel/Documents/stm/build/obj_nucleo207/startup_stm32f207xx.o
_start                                            /opt/gcc-arm-none-eabi-7-2017-q4-major/bin/../lib/gcc/arm-none-eabi/7.2.1/../../../../arm-none-eabi/lib/thumb/v7-m/crt0.o
atexit                                            /opt/gcc-arm-none-eabi-7-2017-q4-major/bin/../lib/gcc/arm-none-eabi/7.2.1/../../../../arm-none-eabi/lib/thumb/v7-m/crt0.o
exit                                              /opt/gcc-arm-none-eabi-7-2017-q4-major/bin/../lib/gcc/arm-none-eabi/7.2.1/../../../../arm-none-eabi/lib/thumb/v7-m/libc_nano.a(lib_a-exit.o)
                                                  /opt/gcc-arm-none-eabi-7-2017-q4-major/bin/../lib/gcc/arm-none-eabi/7.2.1/../../../../arm-none-eabi/lib/thumb/v7-m/crt0.o
g_pfnVectors                                      /mnt/c/Users/Daniel/Documents/stm/build/obj_nucleo207/startup_stm32f207xx.o
hardware_init_hook                                /opt/gcc-arm-none-eabi-7-2017-q4-major/bin/../lib/gcc/arm-none-eabi/7.2.1/../../../../arm-none-eabi/lib/thumb/v7-m/crt0.o
main                                              /mnt/c/Users/Daniel/Documents/stm/build/obj_nucleo207/main.o
                                                  /mnt/c/Users/Daniel/Documents/stm/build/obj_nucleo207/startup_stm32f207xx.o
                                                  /opt/gcc-arm-none-eabi-7-2017-q4-major/bin/../lib/gcc/arm-none-eabi/7.2.1/../../../../arm-none-eabi/lib/thumb/v7-m/crt0.o
memset                                            /opt/gcc-arm-none-eabi-7-2017-q4-major/bin/../lib/gcc/arm-none-eabi/7.2.1/../../../../arm-none-eabi/lib/thumb/v7-m/libc_nano.a(lib_a-memset.o)
                                                  /mnt/c/Users/Daniel/Documents/stm/build/obj_nucleo207/main.o
                                                  /opt/gcc-arm-none-eabi-7-2017-q4-major/bin/../lib/gcc/arm-none-eabi/7.2.1/../../../../arm-none-eabi/lib/thumb/v7-m/crt0.o
pFlash                                            /mnt/c/Users/Daniel/Documents/stm/build/obj_nucleo207/stm32f2xx_hal_flash.o
                                                  /mnt/c/Users/Daniel/Documents/stm/build/obj_nucleo207/stm32f2xx_hal_flash_ex.o
software_init_hook                                /opt/gcc-arm-none-eabi-7-2017-q4-major/bin/../lib/gcc/arm-none-eabi/7.2.1/../../../../arm-none-eabi/lib/thumb/v7-m/crt0.o
uwTick                                            /mnt/c/Users/Daniel/Documents/stm/build/obj_nucleo207/stm32f2xx_hal.o
uwTickFreq                                        /mnt/c/Users/Daniel/Documents/stm/build/obj_nucleo207/stm32f2xx_hal.o
uwTickPrio                                        /mnt/c/Users/Daniel/Documents/stm/build/obj_nucleo207/stm32f2xx_hal.o
                                                  /mnt/c/Users/Daniel/Documents/stm/build/obj_nucleo207/stm32f2xx_hal_rcc.o
